Archive member included to satisfy reference by file (symbol)

/opt/devkitpro/libctru/lib/libcitro2d.a(base.o)
                              main.o (C2D_Init)
/opt/devkitpro/libctru/lib/libcitro2d.a(text.o)
                              main.o (C2D_TextBufNew)
/opt/devkitpro/libctru/lib/libcitro2d.a(font.o)
                              /opt/devkitpro/libctru/lib/libcitro2d.a(text.o) (C2D_FontGlyphIndexFromCodePoint)
/opt/devkitpro/libctru/lib/libcitro2d.a(render2d.shbin.o)
                              /opt/devkitpro/libctru/lib/libcitro2d.a(base.o) (render2d_shbin)
/opt/devkitpro/libctru/lib/libcitro3d.a(attribs.o)
                              /opt/devkitpro/libctru/lib/libcitro2d.a(base.o) (AttrInfo_Init)
/opt/devkitpro/libctru/lib/libcitro3d.a(base.o)
                              /opt/devkitpro/libctru/lib/libcitro3d.a(attribs.o) (__C3D_Context)
/opt/devkitpro/libctru/lib/libcitro3d.a(buffers.o)
                              /opt/devkitpro/libctru/lib/libcitro2d.a(base.o) (BufInfo_Init)
/opt/devkitpro/libctru/lib/libcitro3d.a(drawElements.o)
                              /opt/devkitpro/libctru/lib/libcitro2d.a(base.o) (C3D_DrawElements)
/opt/devkitpro/libctru/lib/libcitro3d.a(effect.o)
                              /opt/devkitpro/libctru/lib/libcitro3d.a(base.o) (C3D_DepthMap)
/opt/devkitpro/libctru/lib/libcitro3d.a(framebuffer.o)
                              /opt/devkitpro/libctru/lib/libcitro3d.a(base.o) (C3Di_FrameBufBind)
/opt/devkitpro/libctru/lib/libcitro3d.a(immediate.o)
                              /opt/devkitpro/libctru/lib/libcitro3d.a(base.o) (C3D_ImmSendAttrib)
/opt/devkitpro/libctru/lib/libcitro3d.a(proctex.o)
                              /opt/devkitpro/libctru/lib/libcitro2d.a(base.o) (C3D_ProcTexInit)
/opt/devkitpro/libctru/lib/libcitro3d.a(renderqueue.o)
                              /opt/devkitpro/libctru/lib/libcitro3d.a(base.o) (C3Di_RenderQueueEnableVBlank)
/opt/devkitpro/libctru/lib/libcitro3d.a(texenv.o)
                              /opt/devkitpro/libctru/lib/libcitro2d.a(base.o) (C3D_GetTexEnv)
/opt/devkitpro/libctru/lib/libcitro3d.a(texture.o)
                              /opt/devkitpro/libctru/lib/libcitro2d.a(base.o) (C3D_TexBind)
/opt/devkitpro/libctru/lib/libcitro3d.a(uniforms.o)
                              /opt/devkitpro/libctru/lib/libcitro3d.a(base.o) (C3D_UpdateUniforms)
/opt/devkitpro/libctru/lib/libcitro3d.a(mtx_multiply.o)
                              /opt/devkitpro/libctru/lib/libcitro2d.a(base.o) (Mtx_Multiply)
/opt/devkitpro/libctru/lib/libcitro3d.a(mtx_ortho.o)
                              /opt/devkitpro/libctru/lib/libcitro2d.a(base.o) (Mtx_Ortho)
/opt/devkitpro/libctru/lib/libcitro3d.a(mtx_orthotilt.o)
                              /opt/devkitpro/libctru/lib/libcitro2d.a(base.o) (Mtx_OrthoTilt)
/opt/devkitpro/libctru/lib/libcitro3d.a(mtx_rotatez.o)
                              /opt/devkitpro/libctru/lib/libcitro2d.a(base.o) (Mtx_RotateZ)
/opt/devkitpro/libctru/lib/libcitro3d.a(mtx_scale.o)
                              /opt/devkitpro/libctru/lib/libcitro2d.a(base.o) (Mtx_Scale)
/opt/devkitpro/libctru/lib/libcitro3d.a(mtx_translate.o)
                              /opt/devkitpro/libctru/lib/libcitro2d.a(base.o) (Mtx_Translate)
/opt/devkitpro/libctru/lib/libctru.a(linear.o)
                              /opt/devkitpro/libctru/lib/libcitro2d.a(base.o) (linearAlloc)
/opt/devkitpro/libctru/lib/libctru.a(mem_pool.o)
                              /opt/devkitpro/libctru/lib/libctru.a(linear.o) (MemPool::Allocate(MemChunk&, unsigned long, int))
/opt/devkitpro/libctru/lib/libctru.a(vram.o)
                              /opt/devkitpro/libctru/lib/libcitro3d.a(renderqueue.o) (vramAlloc)
/opt/devkitpro/libctru/lib/libctru.a(font.o)
                              /opt/devkitpro/libctru/lib/libcitro2d.a(text.o) (fontEnsureMapped)
/opt/devkitpro/libctru/lib/libctru.a(gfx.o)
                              /opt/devkitpro/libctru/lib/libcitro2d.a(base.o) (gfxIsWide)
/opt/devkitpro/libctru/lib/libctru.a(os.o)
                              /opt/devkitpro/libctru/lib/libcitro3d.a(buffers.o) (osConvertVirtToPhys)
/opt/devkitpro/libctru/lib/libctru.a(romfs_dev.o)
                              main.o (romfsMountSelf)
/opt/devkitpro/libctru/lib/libctru.a(gpu.o)
                              /opt/devkitpro/libctru/lib/libcitro3d.a(base.o) (gpuCmdBufOffset)
/opt/devkitpro/libctru/lib/libctru.a(gx.o)
                              /opt/devkitpro/libctru/lib/libcitro3d.a(renderqueue.o) (GX_BindQueue)
/opt/devkitpro/libctru/lib/libctru.a(gxqueue.o)
                              /opt/devkitpro/libctru/lib/libcitro3d.a(renderqueue.o) (gxCmdQueueClear)
/opt/devkitpro/libctru/lib/libctru.a(shaderProgram.o)
                              /opt/devkitpro/libctru/lib/libcitro2d.a(base.o) (shaderInstanceGetUniformLocation)
/opt/devkitpro/libctru/lib/libctru.a(shbin.o)
                              /opt/devkitpro/libctru/lib/libcitro2d.a(base.o) (DVLB_ParseFile)
[...]
Memory Configuration

Name             Origin             Length             Attributes
*default*        0x00000000         0xffffffff

Linker script and memory map

                0x00000000                        __sync_synchronize = __sync_synchronize_dmb
                0x00100000                        PROVIDE (__start__ = 0x100000)
                0x00100000                        . = __start__

.text           0x00100000    0x20cb4
 *(.crt0)
 .crt0          0x00100000       0x94 /opt/devkitpro/devkitARM/bin/../lib/gcc/arm-none-eabi/14.2.0/../../../../arm-none-eabi/lib/armv6k/fpu/3dsx_crt0.o
                0x00100000                _start
                0x00100008                __service_ptr
                0x0010000c                __apt_appid
                0x00100010                __heap_size
                0x00100014                __linear_heap_size
                0x00100018                __system_arglist
                0x0010001c                __system_runflags
 *(.init)
 .init          0x00100094        0xc /opt/devkitpro/devkitARM/bin/../lib/gcc/arm-none-eabi/14.2.0/armv6k/fpu/crti.o
                0x00100094                _init
 .init          0x001000a0        0xc /opt/devkitpro/devkitARM/bin/../lib/gcc/arm-none-eabi/14.2.0/armv6k/fpu/crtn.o
                0x001000ac                        . = ALIGN (0x4)
 *(.text)
 .text          0x001000ac      0x20c /opt/devkitpro/devkitARM/bin/../lib/gcc/arm-none-eabi/14.2.0/armv6k/fpu/libgcc.a(_udivsi3.o)
                0x001000ac                __udivsi3
                0x001000ac                __aeabi_uidiv
                0x00100298                __aeabi_uidivmod
 .text          0x001002b8      0x240 /opt/devkitpro/devkitARM/bin/../lib/gcc/arm-none-eabi/14.2.0/armv6k/fpu/libgcc.a(_divsi3.o)
                0x001002b8                __aeabi_idiv
                0x001002b8                __divsi3
                0x001004d8                __aeabi_idivmod
 .text          0x001004f8        0x4 /opt/devkitpro/devkitARM/bin/../lib/gcc/arm-none-eabi/14.2.0/armv6k/fpu/libgcc.a(_dvmd_tls.o)
                0x001004f8                __aeabi_ldiv0
                0x001004f8                __aeabi_idiv0
 .text          0x001004fc       0xd4 /opt/devkitpro/devkitARM/bin/../lib/gcc/arm-none-eabi/14.2.0/armv6k/fpu/libgcc.a(_aeabi_ldivmod.o)
                0x001004fc                __aeabi_ldivmod
 .text          0x001005d0       0x3c /opt/devkitpro/devkitARM/bin/../lib/gcc/arm-none-eabi/14.2.0/armv6k/fpu/libgcc.a(_aeabi_uldivmod.o)
                0x001005d0                __aeabi_uldivmod
 *fill*         0x0010060c       0x14 
 .text          0x00100620      0x390 /opt/devkitpro/devkitARM/bin/../lib/gcc/arm-none-eabi/14.2.0/../../../../arm-none-eabi/lib/armv6k/fpu/libg.a(libc_a-strcmp.o)
                0x00100628                strcmp
 *(.text.*)
 .text.__do_global_dtors_aux
                0x001009b0       0x40 /opt/devkitpro/devkitARM/bin/../lib/gcc/arm-none-eabi/14.2.0/armv6k/fpu/crtbegin.o
 .text.frame_dummy
                0x001009f0       0x2c /opt/devkitpro/devkitARM/bin/../lib/gcc/arm-none-eabi/14.2.0/armv6k/fpu/crtbegin.o
 .text.save_note
                0x00100a1c       0xa4 main.o
 .text.startup.main
                0x00100ac0      0x8e8 main.o
                0x00100ac0                main
 .text.C2Di_FrameEndHook
                0x001013a8       0x44 /opt/devkitpro/libctru/lib/libcitro2d.a(base.o)
 *fill*         0x001013ec        0x4 
 .text.C2D_Init
                0x001013f0      0x36c /opt/devkitpro/libctru/lib/libcitro2d.a(base.o)
                0x001013f0                C2D_Init
 .text.C2D_Fini
                0x0010175c       0x4c /opt/devkitpro/libctru/lib/libcitro2d.a(base.o)
                0x0010175c                C2D_Fini
 .text.C2D_Prepare
                0x001017a8       0xb8 /opt/devkitpro/libctru/lib/libcitro2d.a(base.o)
                0x001017a8                C2D_Prepare
 .text.C2D_Flush
                0x00101860       0x48 /opt/devkitpro/libctru/lib/libcitro2d.a(base.o)
                0x00101860                C2D_Flush
 .text.C2D_SceneSize
                0x001018a8      0x104 /opt/devkitpro/libctru/lib/libcitro2d.a(base.o)
                0x001018a8                C2D_SceneSize
 .text.C2D_CreateScreenTarget
                0x001019ac       0x58 /opt/devkitpro/libctru/lib/libcitro2d.a(base.o)
                0x001019ac                C2D_CreateScreenTarget
 .text.C2D_TargetClear
                0x00101a04       0x64 /opt/devkitpro/libctru/lib/libcitro2d.a(base.o)
                0x00101a04                C2D_TargetClear
 .text.C2Di_AppendQuad
                0x00101a68       0x58 /opt/devkitpro/libctru/lib/libcitro2d.a(base.o)
                0x00101a68                C2Di_AppendQuad
 .text.C2Di_AppendVtx
                0x00101ac0       0x40 /opt/devkitpro/libctru/lib/libcitro2d.a(base.o)
                0x00101ac0                C2Di_AppendVtx
 .text.C2Di_Update
                0x00101b00      0x550 /opt/devkitpro/libctru/lib/libcitro2d.a(base.o)
                0x00101b00                C2Di_Update
 .text.C2Di_GlyphComp
                0x00102050       0x18 /opt/devkitpro/libctru/lib/libcitro2d.a(text.o)
 .text.C2Di_CalcLineWidths
                0x00102068      0x140 /opt/devkitpro/libctru/lib/libcitro2d.a(text.o)
 .text.C2D_TextBufNew
                0x001021a8      0x1dc /opt/devkitpro/libctru/lib/libcitro2d.a(text.o)
                0x001021a8                C2D_TextBufNew
 .text.C2D_TextBufDelete
                0x00102384        0x4 /opt/devkitpro/libctru/lib/libcitro2d.a(text.o)
                0x00102384                C2D_TextBufDelete
 .text.C2D_TextBufClear
                0x00102388        0xc /opt/devkitpro/libctru/lib/libcitro2d.a(text.o)
                0x00102388                C2D_TextBufClear
 .text.C2D_TextFontParseLine
                0x00102394      0x1c8 /opt/devkitpro/libctru/lib/libcitro2d.a(text.o)
                0x00102394                C2D_TextFontParseLine
 .text.C2D_TextFontParse
                0x0010255c       0xa8 /opt/devkitpro/libctru/lib/libcitro2d.a(text.o)
                0x0010255c                C2D_TextFontParse
 .text.C2D_TextParse
                0x00102604       0x14 /opt/devkitpro/libctru/lib/libcitro2d.a(text.o)
                0x00102604                C2D_TextParse
 .text.C2D_TextOptimize
                0x00102618       0x30 /opt/devkitpro/libctru/lib/libcitro2d.a(text.o)
                0x00102618                C2D_TextOptimize
 .text.C2D_DrawText
                0x00102648      0xf6c /opt/devkitpro/libctru/lib/libcitro2d.a(text.o)
                0x00102648                C2D_DrawText
 .text.C2D_FontGlyphIndexFromCodePoint
                0x001035b4       0x44 /opt/devkitpro/libctru/lib/libcitro2d.a(font.o)
                0x001035b4                C2D_FontGlyphIndexFromCodePoint
 .text.C2D_FontCalcGlyphPos
                0x001035f8       0x78 /opt/devkitpro/libctru/lib/libcitro2d.a(font.o)
                0x001035f8                C2D_FontCalcGlyphPos
 .text.AttrInfo_Init
                0x00103670       0x28 /opt/devkitpro/libctru/lib/libcitro3d.a(attribs.o)
                0x00103670                AttrInfo_Init
 .text.AttrInfo_AddLoader
                0x00103698       0x94 /opt/devkitpro/libctru/lib/libcitro3d.a(attribs.o)
                0x00103698                AttrInfo_AddLoader
 .text.C3D_SetAttrInfo
                0x0010372c       0x54 /opt/devkitpro/libctru/lib/libcitro3d.a(attribs.o)
                0x0010372c                C3D_SetAttrInfo
 .text.C3Di_AttrInfoBind
                0x00103780       0x80 /opt/devkitpro/libctru/lib/libcitro3d.a(attribs.o)
                0x00103780                C3Di_AttrInfoBind
 .text.C3Di_LightEnvUpdate
                0x00103800        0x4 /opt/devkitpro/libctru/lib/libcitro3d.a(base.o)
                0x00103800                C3Di_LightEnvUpdate
 .text.C3Di_LightEnvDirty
                0x00103804        0x4 /opt/devkitpro/libctru/lib/libcitro3d.a(base.o)
                0x00103804                C3Di_LightEnvDirty
 .text.C3Di_AptEventHook
                0x00103808       0xb4 /opt/devkitpro/libctru/lib/libcitro3d.a(base.o)
 .text.C3Di_GasUpdate
                0x001038bc        0x4 /opt/devkitpro/libctru/lib/libcitro3d.a(base.o)
                0x001038bc                C3Di_GasUpdate
 .text.C3D_Init
                0x001038c0      0x1d0 /opt/devkitpro/libctru/lib/libcitro3d.a(base.o)
                0x001038c0                C3D_Init
 .text.C3D_SetViewport
                0x00103a90       0x98 /opt/devkitpro/libctru/lib/libcitro3d.a(base.o)
                0x00103a90                C3D_SetViewport
 .text.C3Di_UpdateContext
                0x00103b28      0x4e8 /opt/devkitpro/libctru/lib/libcitro3d.a(base.o)
                0x00103b28                C3Di_UpdateContext
 .text.C3Di_SplitFrame
                0x00104010       0xe0 /opt/devkitpro/libctru/lib/libcitro3d.a(base.o)
                0x00104010                C3Di_SplitFrame
 .text.C3D_Fini
                0x001040f0       0x44 /opt/devkitpro/libctru/lib/libcitro3d.a(base.o)
                0x001040f0                C3D_Fini
 .text.C3D_BindProgram
                0x00104134      0x194 /opt/devkitpro/libctru/lib/libcitro3d.a(base.o)
                0x00104134                C3D_BindProgram
 .text.BufInfo_Init
                0x001042c8       0x24 /opt/devkitpro/libctru/lib/libcitro3d.a(buffers.o)
                0x001042c8                BufInfo_Init
 .text.BufInfo_Add
                0x001042ec       0x80 /opt/devkitpro/libctru/lib/libcitro3d.a(buffers.o)
                0x001042ec                BufInfo_Add
 .text.C3D_SetBufInfo
                0x0010436c       0x3c /opt/devkitpro/libctru/lib/libcitro3d.a(buffers.o)
                0x0010436c                C3D_SetBufInfo
 .text.C3Di_BufInfoBind
                0x001043a8       0x48 /opt/devkitpro/libctru/lib/libcitro3d.a(buffers.o)
                0x001043a8                C3Di_BufInfoBind
 .text.C3D_DrawElements
                0x001043f0      0x21c /opt/devkitpro/libctru/lib/libcitro3d.a(drawElements.o)
                0x001043f0                C3D_DrawElements
 .text.C3D_DepthMap
                0x0010460c       0x40 /opt/devkitpro/libctru/lib/libcitro3d.a(effect.o)
                0x0010460c                C3D_DepthMap
 .text.C3D_CullFace
                0x0010464c       0x1c /opt/devkitpro/libctru/lib/libcitro3d.a(effect.o)
                0x0010464c                C3D_CullFace
 .text.C3D_StencilTest
                0x00104668       0x40 /opt/devkitpro/libctru/lib/libcitro3d.a(effect.o)
                0x00104668                C3D_StencilTest
 .text.C3D_StencilOp
                0x001046a8       0x24 /opt/devkitpro/libctru/lib/libcitro3d.a(effect.o)
                0x001046a8                C3D_StencilOp
 .text.C3D_BlendingColor
                0x001046cc       0x1c /opt/devkitpro/libctru/lib/libcitro3d.a(effect.o)
                0x001046cc                C3D_BlendingColor
 .text.C3D_EarlyDepthTest
                0x001046e8       0x24 /opt/devkitpro/libctru/lib/libcitro3d.a(effect.o)
                0x001046e8                C3D_EarlyDepthTest
 .text.C3D_DepthTest
                0x0010470c       0x2c /opt/devkitpro/libctru/lib/libcitro3d.a(effect.o)
                0x0010470c                C3D_DepthTest
 .text.C3D_AlphaTest
                0x00104738       0x2c /opt/devkitpro/libctru/lib/libcitro3d.a(effect.o)
                0x00104738                C3D_AlphaTest
 .text.C3D_AlphaBlend
                0x00104764       0x50 /opt/devkitpro/libctru/lib/libcitro3d.a(effect.o)
                0x00104764                C3D_AlphaBlend
 .text.C3D_FragOpMode
                0x001047b4       0x30 /opt/devkitpro/libctru/lib/libcitro3d.a(effect.o)
                0x001047b4                C3D_FragOpMode
 .text.C3D_FragOpShadow
                0x001047e4       0x44 /opt/devkitpro/libctru/lib/libcitro3d.a(effect.o)
                0x001047e4                C3D_FragOpShadow
 .text.C3Di_EffectBind
                0x00104828      0x1ac /opt/devkitpro/libctru/lib/libcitro3d.a(effect.o)
                0x00104828                C3Di_EffectBind
 .text.C3D_CalcColorBufSize
                0x001049d4       0x1c /opt/devkitpro/libctru/lib/libcitro3d.a(framebuffer.o)
                0x001049d4                C3D_CalcColorBufSize
 .text.C3D_CalcDepthBufSize
                0x001049f0       0x1c /opt/devkitpro/libctru/lib/libcitro3d.a(framebuffer.o)
                0x001049f0                C3D_CalcDepthBufSize
 .text.C3D_SetFrameBuf
                0x00104a0c       0x44 /opt/devkitpro/libctru/lib/libcitro3d.a(framebuffer.o)
                0x00104a0c                C3D_SetFrameBuf
 .text.C3Di_FrameBufBind
                0x00104a50      0x16c /opt/devkitpro/libctru/lib/libcitro3d.a(framebuffer.o)
                0x00104a50                C3Di_FrameBufBind
 .text.C3D_FrameBufClear
                0x00104bbc       0xc8 /opt/devkitpro/libctru/lib/libcitro3d.a(framebuffer.o)
                0x00104bbc                C3D_FrameBufClear
 .text.C3D_FrameBufTransfer
                0x00104c84       0x44 /opt/devkitpro/libctru/lib/libcitro3d.a(framebuffer.o)
                0x00104c84                C3D_FrameBufTransfer
 .text.C3D_ImmSendAttrib
                0x00104cc8       0xa8 /opt/devkitpro/libctru/lib/libcitro3d.a(immediate.o)
                0x00104cc8                C3D_ImmSendAttrib
 .text.C3D_ProcTexInit
                0x00104d70       0x70 /opt/devkitpro/libctru/lib/libcitro3d.a(proctex.o)
                0x00104d70                C3D_ProcTexInit
 .text.C3D_ProcTexBind
                0x00104de0       0x54 /opt/devkitpro/libctru/lib/libcitro3d.a(proctex.o)
                0x00104de0                C3D_ProcTexBind
 .text.C3D_ProcTexLutBind
                0x00104e34       0x5c /opt/devkitpro/libctru/lib/libcitro3d.a(proctex.o)
                0x00104e34                C3D_ProcTexLutBind
 .text.ProcTexLut_FromArray
                0x00104e90       0xa4 /opt/devkitpro/libctru/lib/libcitro3d.a(proctex.o)
                0x00104e90                ProcTexLut_FromArray
 .text.C3Di_ProcTexUpdate
                0x00104f34      0x178 /opt/devkitpro/libctru/lib/libcitro3d.a(proctex.o)
                0x00104f34                C3Di_ProcTexUpdate
 .text.C3Di_ProcTexDirty
                0x001050ac       0x68 /opt/devkitpro/libctru/lib/libcitro3d.a(proctex.o)
                0x001050ac                C3Di_ProcTexDirty
 .text.onVBlank0
                0x00105114       0x4c /opt/devkitpro/libctru/lib/libcitro3d.a(renderqueue.o)
 .text.onVBlank1
                0x00105160       0x4c /opt/devkitpro/libctru/lib/libcitro3d.a(renderqueue.o)
 .text.C3Di_RenderTargetDestroy
                0x001051ac       0x80 /opt/devkitpro/libctru/lib/libcitro3d.a(renderqueue.o)
 .text.onQueueFinish
                0x0010522c       0xf4 /opt/devkitpro/libctru/lib/libcitro3d.a(renderqueue.o)
 .text.C3Di_RenderQueueEnableVBlank
                0x00105320       0x38 /opt/devkitpro/libctru/lib/libcitro3d.a(renderqueue.o)
                0x00105320                C3Di_RenderQueueEnableVBlank
 .text.C3Di_RenderQueueDisableVBlank
                0x00105358       0x30 /opt/devkitpro/libctru/lib/libcitro3d.a(renderqueue.o)
                0x00105358                C3Di_RenderQueueDisableVBlank
 .text.C3Di_RenderQueueInit
                0x00105388       0x60 /opt/devkitpro/libctru/lib/libcitro3d.a(renderqueue.o)
                0x00105388                C3Di_RenderQueueInit
 .text.C3Di_RenderQueueExit
                0x001053e8       0xb4 /opt/devkitpro/libctru/lib/libcitro3d.a(renderqueue.o)
                0x001053e8                C3Di_RenderQueueExit
 .text.C3Di_RenderQueueWaitDone
                0x0010549c       0x34 /opt/devkitpro/libctru/lib/libcitro3d.a(renderqueue.o)
                0x0010549c                C3Di_RenderQueueWaitDone
 .text.C3D_FrameBegin
                0x001054d0       0xe8 /opt/devkitpro/libctru/lib/libcitro3d.a(renderqueue.o)
                0x001054d0                C3D_FrameBegin
 .text.C3D_FrameDrawOn
                0x001055b8       0x48 /opt/devkitpro/libctru/lib/libcitro3d.a(renderqueue.o)
                0x001055b8                C3D_FrameDrawOn
 .text.C3D_FrameSplit
                0x00105600       0x58 /opt/devkitpro/libctru/lib/libcitro3d.a(renderqueue.o)
                0x00105600                C3D_FrameSplit
 .text.C3D_FrameEnd
                0x00105658      0x1d0 /opt/devkitpro/libctru/lib/libcitro3d.a(renderqueue.o)
                0x00105658                C3D_FrameEnd
 .text.C3D_FrameEndHook
                0x00105828       0x1c /opt/devkitpro/libctru/lib/libcitro3d.a(renderqueue.o)
                0x00105828                C3D_FrameEndHook
 .text.C3D_RenderTargetCreate
                0x00105844      0x170 /opt/devkitpro/libctru/lib/libcitro3d.a(renderqueue.o)
                0x00105844                C3D_RenderTargetCreate
 .text.C3D_RenderTargetSetOutput
                0x001059b4       0xa8 /opt/devkitpro/libctru/lib/libcitro3d.a(renderqueue.o)
                0x001059b4                C3D_RenderTargetSetOutput
 .text.C3D_GetTexEnv
                0x00105a5c       0x34 /opt/devkitpro/libctru/lib/libcitro3d.a(texenv.o)
                0x00105a5c                C3D_GetTexEnv
 .text.C3Di_TexEnvBind
                0x00105a90       0x24 /opt/devkitpro/libctru/lib/libcitro3d.a(texenv.o)
                0x00105a90                C3Di_TexEnvBind
 .text.C3D_TexBind
                0x00105ab4       0x44 /opt/devkitpro/libctru/lib/libcitro3d.a(texture.o)
                0x00105ab4                C3D_TexBind
 .text.C3Di_SetTex
                0x00105af8      0x14c /opt/devkitpro/libctru/lib/libcitro3d.a(texture.o)
                0x00105af8                C3Di_SetTex
 .text.C3D_UpdateUniforms
                0x00105c44      0x290 /opt/devkitpro/libctru/lib/libcitro3d.a(uniforms.o)
                0x00105c44                C3D_UpdateUniforms
 .text.C3Di_DirtyUniforms
                0x00105ed4       0xc0 /opt/devkitpro/libctru/lib/libcitro3d.a(uniforms.o)
                0x00105ed4                C3Di_DirtyUniforms
 .text.C3Di_LoadShaderUniforms
                0x00105f94       0xd8 /opt/devkitpro/libctru/lib/libcitro3d.a(uniforms.o)
                0x00105f94                C3Di_LoadShaderUniforms
 .text.C3Di_ClearShaderUniforms
                0x0010606c       0x28 /opt/devkitpro/libctru/lib/libcitro3d.a(uniforms.o)
                0x0010606c                C3Di_ClearShaderUniforms
 .text.Mtx_Ortho
                0x00106094       0xcc /opt/devkitpro/libctru/lib/libcitro3d.a(mtx_ortho.o)
                0x00106094                Mtx_Ortho
 .text.Mtx_OrthoTilt
                0x00106160       0xcc /opt/devkitpro/libctru/lib/libcitro3d.a(mtx_orthotilt.o)
                0x00106160                Mtx_OrthoTilt
 .text._ZL21addrMapNodeComparatorPK11rbtree_nodeS1_
                0x0010622c       0x24 /opt/devkitpro/libctru/lib/libctru.a(linear.o)
 .text._ZL21addrMapNodeDestructorP11rbtree_node
                0x00106250        0x4 /opt/devkitpro/libctru/lib/libctru.a(linear.o)
 .text.linearMemAlign
                0x00106254      0x120 /opt/devkitpro/libctru/lib/libctru.a(linear.o)
                0x00106254                linearMemAlign
 .text.linearAlloc
                0x00106374        0x8 /opt/devkitpro/libctru/lib/libctru.a(linear.o)
                0x00106374                linearAlloc
 .text.linearFree
                0x0010637c       0x5c /opt/devkitpro/libctru/lib/libctru.a(linear.o)
                0x0010637c                linearFree
 .text._ZN7MemPool13CoalesceRightEP8MemBlock
                0x001063d8       0x84 /opt/devkitpro/libctru/lib/libctru.a(mem_pool.o)
                0x001063d8                MemPool::CoalesceRight(MemBlock*)
 .text._ZN7MemPool8AllocateER8MemChunkmi
                0x0010645c      0x150 /opt/devkitpro/libctru/lib/libctru.a(mem_pool.o)
                0x0010645c                MemPool::Allocate(MemChunk&, unsigned long, int)
 .text._ZN7MemPool10DeallocateERK8MemChunk
                0x001065ac       0xfc /opt/devkitpro/libctru/lib/libctru.a(mem_pool.o)
                0x001065ac                MemPool::Deallocate(MemChunk const&)
 .text._ZN7MemPool12GetFreeSpaceEv
                0x001066a8       0x30 /opt/devkitpro/libctru/lib/libctru.a(mem_pool.o)
                0x001066a8                MemPool::GetFreeSpace()
 .text._ZL21addrMapNodeComparatorPK11rbtree_nodeS1_
                0x001066d8       0x24 /opt/devkitpro/libctru/lib/libctru.a(vram.o)
 .text._ZL21addrMapNodeDestructorP11rbtree_node
                0x001066fc        0x4 /opt/devkitpro/libctru/lib/libctru.a(vram.o)
 .text.vramMemAlignAt
                0x00106700      0x244 /opt/devkitpro/libctru/lib/libctru.a(vram.o)
                0x00106700                vramMemAlignAt
 .text.vramAlloc
                0x00106944        0xc /opt/devkitpro/libctru/lib/libctru.a(vram.o)
                0x00106944                vramAlloc
 .text.vramAllocAt
                0x00106950        0xc /opt/devkitpro/libctru/lib/libctru.a(vram.o)
                0x00106950                vramAllocAt
 .text.vramFree
                0x0010695c       0x90 /opt/devkitpro/libctru/lib/libctru.a(vram.o)
                0x0010695c                vramFree
 .text.fontEnsureMapped
                0x001069ec       0x94 /opt/devkitpro/libctru/lib/libctru.a(font.o)
                0x001069ec                fontEnsureMapped
 .text.fontGlyphIndexFromCodePoint
                0x00106a80      0x100 /opt/devkitpro/libctru/lib/libctru.a(font.o)
                0x00106a80                fontGlyphIndexFromCodePoint
 .text.fontCalcGlyphPos
                0x00106b80      0x1ec /opt/devkitpro/libctru/lib/libctru.a(font.o)
                0x00106b80                fontCalcGlyphPos
 .text.gfxPresentFramebuffer
                0x00106d6c       0xd0 /opt/devkitpro/libctru/lib/libctru.a(gfx.o)
 .text.gfxIsWide
                0x00106e3c       0x1c /opt/devkitpro/libctru/lib/libctru.a(gfx.o)
                0x00106e3c                gfxIsWide
 .text.gfxSetScreenFormat
                0x00106e58       0xec /opt/devkitpro/libctru/lib/libctru.a(gfx.o)
                0x00106e58                gfxSetScreenFormat
 .text.gfxInit  0x00106f44       0xd8 /opt/devkitpro/libctru/lib/libctru.a(gfx.o)
                0x00106f44                gfxInit
 .text.gfxInitDefault
                0x0010701c       0x10 /opt/devkitpro/libctru/lib/libctru.a(gfx.o)
                0x0010701c                gfxInitDefault
 .text.gfxExit  0x0010702c       0xb4 /opt/devkitpro/libctru/lib/libctru.a(gfx.o)
                0x0010702c                gfxExit
 .text.gfxGetFramebuffer
                0x001070e0       0xa0 /opt/devkitpro/libctru/lib/libctru.a(gfx.o)
                0x001070e0                gfxGetFramebuffer
 .text.gfxScreenSwapBuffers
                0x00107180       0x30 /opt/devkitpro/libctru/lib/libctru.a(gfx.o)
                0x00107180                gfxScreenSwapBuffers
 .text.osConvertVirtToPhys
                0x001071b0       0x74 /opt/devkitpro/libctru/lib/libctru.a(os.o)
                0x001071b0                osConvertVirtToPhys
 .text.osGetTimeRef
                0x00107224       0x54 /opt/devkitpro/libctru/lib/libctru.a(os.o)
                0x00107224                osGetTimeRef
 .text.osGetTime
                0x00107278       0xec /opt/devkitpro/libctru/lib/libctru.a(os.o)
                0x00107278                osGetTime
 .text.__ctru_speedup_config
                0x00107364       0x34 /opt/devkitpro/libctru/lib/libctru.a(os.o)
                0x00107364                __ctru_speedup_config
 .text.romfs_close
                0x00107398        0x8 /opt/devkitpro/libctru/lib/libctru.a(romfs_dev.o)
 .text.romfs_seek
                0x001073a0       0xc4 /opt/devkitpro/libctru/lib/libctru.a(romfs_dev.o)
 .text.romfs_dirreset
                0x00107464       0x24 /opt/devkitpro/libctru/lib/libctru.a(romfs_dev.o)
 .text.fill_dir
                0x00107488       0xc8 /opt/devkitpro/libctru/lib/libctru.a(romfs_dev.o)
 .text.romfs_dirnext
                0x00107550      0x2a8 /opt/devkitpro/libctru/lib/libctru.a(romfs_dev.o)
 .text.romfs_free
                0x001077f8       0x74 /opt/devkitpro/libctru/lib/libctru.a(romfs_dev.o)
 .text.searchForFile.constprop.0
                0x0010786c       0xd4 /opt/devkitpro/libctru/lib/libctru.a(romfs_dev.o)
 .text.searchForDir.constprop.0
                0x00107940       0xd8 /opt/devkitpro/libctru/lib/libctru.a(romfs_dev.o)
 .text.navigateToDir.constprop.0
                0x00107a18      0x1c0 /opt/devkitpro/libctru/lib/libctru.a(romfs_dev.o)
 .text.romfs_open
                0x00107bd8      0x10c /opt/devkitpro/libctru/lib/libctru.a(romfs_dev.o)
 .text.romfs_chdir
                0x00107ce4       0x4c /opt/devkitpro/libctru/lib/libctru.a(romfs_dev.o)
 .text.romfs_diropen
                0x00107d30       0x70 /opt/devkitpro/libctru/lib/libctru.a(romfs_dev.o)
 .text.romfs_stat
                0x00107da0      0x174 /opt/devkitpro/libctru/lib/libctru.a(romfs_dev.o)
 .text.romfs_dirclose
                0x00107f14        0x8 /opt/devkitpro/libctru/lib/libctru.a(romfs_dev.o)
 *fill*         0x00107f1c        0x4 
 .text.romfs_fstat
                0x00107f20       0x84 /opt/devkitpro/libctru/lib/libctru.a(romfs_dev.o)
 .text.romfs_read
                0x00107fa4       0xd0 /opt/devkitpro/libctru/lib/libctru.a(romfs_dev.o)
 .text.romfsMountFromFile
                0x00108074      0x28c /opt/devkitpro/libctru/lib/libctru.a(romfs_dev.o)
                0x00108074                romfsMountFromFile
 .text.romfsMountFromCurrentProcess
                0x00108300       0x98 /opt/devkitpro/libctru/lib/libctru.a(romfs_dev.o)
                0x00108300                romfsMountFromCurrentProcess
 .text.romfsMountSelf
                0x00108398      0x260 /opt/devkitpro/libctru/lib/libctru.a(romfs_dev.o)
                0x00108398                romfsMountSelf
 .text.romfsUnmount
                0x001085f8       0xa4 /opt/devkitpro/libctru/lib/libctru.a(romfs_dev.o)
                0x001085f8                romfsUnmount
 .text.GPUCMD_Add
                0x0010869c      0x13c /opt/devkitpro/libctru/lib/libctru.a(gpu.o)
                0x0010869c                GPUCMD_Add
 .text.GPUCMD_Split
                0x001087d8       0xb0 /opt/devkitpro/libctru/lib/libctru.a(gpu.o)
                0x001087d8                GPUCMD_Split
 .text.f32tof16
                0x00108888       0x34 /opt/devkitpro/libctru/lib/libctru.a(gpu.o)
                0x00108888                f32tof16
 .text.f32tof24
                0x001088bc       0x34 /opt/devkitpro/libctru/lib/libctru.a(gpu.o)
                0x001088bc                f32tof24
 .text.f32tof31
                0x001088f0       0x38 /opt/devkitpro/libctru/lib/libctru.a(gpu.o)
                0x001088f0                f32tof31
 .text.GX_BindQueue
                0x00108928       0x10 /opt/devkitpro/libctru/lib/libctru.a(gx.o)
                0x00108928                GX_BindQueue
 .text.GX_ProcessCommandList
                0x00108938       0x78 /opt/devkitpro/libctru/lib/libctru.a(gx.o)
                0x00108938                GX_ProcessCommandList
 .text.GX_MemoryFill
                0x001089b0       0x74 /opt/devkitpro/libctru/lib/libctru.a(gx.o)
                0x001089b0                GX_MemoryFill
 .text.GX_DisplayTransfer
                0x00108a24       0x70 /opt/devkitpro/libctru/lib/libctru.a(gx.o)
                0x00108a24                GX_DisplayTransfer
 .text.gxCmdQueueDoCommands.part.0
                0x00108a94       0x68 /opt/devkitpro/libctru/lib/libctru.a(gxqueue.o)
 .text.gxCmdQueueInterrupt
                0x00108afc       0xc8 /opt/devkitpro/libctru/lib/libctru.a(gxqueue.o)
                0x00108afc                gxCmdQueueInterrupt
 .text.gxCmdQueueClear
                0x00108bc4       0x4c /opt/devkitpro/libctru/lib/libctru.a(gxqueue.o)
                0x00108bc4                gxCmdQueueClear
 .text.gxCmdQueueAdd
                0x00108c10       0xf8 /opt/devkitpro/libctru/lib/libctru.a(gxqueue.o)
                0x00108c10                gxCmdQueueAdd
 .text.gxCmdQueueRun
                0x00108d08       0x80 /opt/devkitpro/libctru/lib/libctru.a(gxqueue.o)
                0x00108d08                gxCmdQueueRun
 .text.gxCmdQueueStop
                0x00108d88       0x60 /opt/devkitpro/libctru/lib/libctru.a(gxqueue.o)
                0x00108d88                gxCmdQueueStop
 .text.gxCmdQueueWait
                0x00108de8       0x8c /opt/devkitpro/libctru/lib/libctru.a(gxqueue.o)
                0x00108de8                gxCmdQueueWait
 .text.shaderInstanceInit
                0x00108e74      0x1d0 /opt/devkitpro/libctru/lib/libctru.a(shaderProgram.o)
                0x00108e74                shaderInstanceInit
 .text.shaderInstanceGetUniformLocation
                0x00109044       0x18 /opt/devkitpro/libctru/lib/libctru.a(shaderProgram.o)
                0x00109044                shaderInstanceGetUniformLocation
 .text.shaderProgramInit
                0x0010905c       0x1c /opt/devkitpro/libctru/lib/libctru.a(shaderProgram.o)
                0x0010905c                shaderProgramInit
 .text.shaderProgramFree
                0x00109078       0x64 /opt/devkitpro/libctru/lib/libctru.a(shaderProgram.o)
                0x00109078                shaderProgramFree
 .text.shaderProgramSetVsh
                0x001090dc       0x80 /opt/devkitpro/libctru/lib/libctru.a(shaderProgram.o)
                0x001090dc                shaderProgramSetVsh
 .text.shaderProgramConfigure
                0x0010915c      0x8d0 /opt/devkitpro/libctru/lib/libctru.a(shaderProgram.o)
                0x0010915c                shaderProgramConfigure
 .text.DVLE_GenerateOutmap.part.0
                0x00109a2c      0x1dc /opt/devkitpro/libctru/lib/libctru.a(shbin.o)
 .text.DVLB_ParseFile
                0x00109c08      0x1b0 /opt/devkitpro/libctru/lib/libctru.a(shbin.o)
                0x00109c08                DVLB_ParseFile
 .text.DVLB_Free
                0x00109db8       0x38 /opt/devkitpro/libctru/lib/libctru.a(shbin.o)
                0x00109db8                DVLB_Free
 .text.DVLE_GetUniformRegister
                0x00109df0       0x74 /opt/devkitpro/libctru/lib/libctru.a(shbin.o)
                0x00109df0                DVLE_GetUniformRegister
 .text.aptConvertScreenForCapture
                0x00109e64      0x1b0 /opt/devkitpro/libctru/lib/libctru.a(apt.o)
 .text.aptDspSleep
                0x0010a014        0x8 /opt/devkitpro/libctru/lib/libctru.a(apt.o)
                0x0010a014                aptDspSleep
 .text.aptDspWakeup
                0x0010a01c        0x4 /opt/devkitpro/libctru/lib/libctru.a(apt.o)
                0x0010a01c                aptDspWakeup
 .text.aptDspCancel
                0x0010a020        0x4 /opt/devkitpro/libctru/lib/libctru.a(apt.o)
                0x0010a020                aptDspCancel
 .text.aptSendCommand
                0x0010a024      0x158 /opt/devkitpro/libctru/lib/libctru.a(apt.o)
                0x0010a024                aptSendCommand
 *fill*         0x0010a17c        0x4 
 .text.aptExitProcess
                0x0010a180       0x44 /opt/devkitpro/libctru/lib/libctru.a(apt.o)
 .text.aptExit  0x0010a1c4      0x380 /opt/devkitpro/libctru/lib/libctru.a(apt.o)
                0x0010a1c4                aptExit
 .text.aptHandleSleep
                0x0010a544       0xd8 /opt/devkitpro/libctru/lib/libctru.a(apt.o)
                0x0010a544                aptHandleSleep
 .text.aptHook  0x0010a61c       0x30 /opt/devkitpro/libctru/lib/libctru.a(apt.o)
                0x0010a61c                aptHook
 .text.aptUnhook
                0x0010a64c       0x30 /opt/devkitpro/libctru/lib/libctru.a(apt.o)
                0x0010a64c                aptUnhook
 .text.aptSetMessageCallback
                0x0010a67c       0x1c /opt/devkitpro/libctru/lib/libctru.a(apt.o)
                0x0010a67c                aptSetMessageCallback
 .text.APT_SleepIfShellClosed
                0x0010a698       0x84 /opt/devkitpro/libctru/lib/libctru.a(apt.o)
                0x0010a698                APT_SleepIfShellClosed
 .text.aptSetSleepAllowed
                0x0010a71c       0x78 /opt/devkitpro/libctru/lib/libctru.a(apt.o)
                0x0010a71c                aptSetSleepAllowed
 .text.APT_UnlockTransition
                0x0010a794       0x84 /opt/devkitpro/libctru/lib/libctru.a(apt.o)
                0x0010a794                APT_UnlockTransition
 .text.aptEventHandler
                0x0010a818      0x478 /opt/devkitpro/libctru/lib/libctru.a(apt.o)
 .text.APT_ReceiveParameter
                0x0010ac90       0xb0 /opt/devkitpro/libctru/lib/libctru.a(apt.o)
                0x0010ac90                APT_ReceiveParameter
 .text.aptReceiveParameter.constprop.0
                0x0010ad40       0xac /opt/devkitpro/libctru/lib/libctru.a(apt.o)
 *fill*         0x0010adec        0x4 
 .text.aptScreenTransfer
                0x0010adf0      0x294 /opt/devkitpro/libctru/lib/libctru.a(apt.o)
 .text.aptWaitForWakeUp.isra.0
                0x0010b084      0x2c8 /opt/devkitpro/libctru/lib/libctru.a(apt.o)
 .text.aptLaunchLibraryApplet
                0x0010b34c      0x114 /opt/devkitpro/libctru/lib/libctru.a(apt.o)
                0x0010b34c                aptLaunchLibraryApplet
 .text.aptJumpToHomeMenu
                0x0010b460       0xf4 /opt/devkitpro/libctru/lib/libctru.a(apt.o)
                0x0010b460                aptJumpToHomeMenu
 .text.aptMainLoop
                0x0010b554       0x48 /opt/devkitpro/libctru/lib/libctru.a(apt.o)
                0x0010b554                aptMainLoop
 .text.aptInit  0x0010b59c      0x22c /opt/devkitpro/libctru/lib/libctru.a(apt.o)
                0x0010b59c                aptInit
 .text.APT_SendParameter
                0x0010b7c8       0x5c /opt/devkitpro/libctru/lib/libctru.a(apt.o)
                0x0010b7c8                APT_SendParameter
 .text.APT_CheckNew3DS
                0x0010b824       0x7c /opt/devkitpro/libctru/lib/libctru.a(apt.o)
                0x0010b824                APT_CheckNew3DS
 .text.APT_GetSharedFont
                0x0010b8a0       0x48 /opt/devkitpro/libctru/lib/libctru.a(apt.o)
                0x0010b8a0                APT_GetSharedFont
 .text.fsInit   0x0010b8e8       0xd0 /opt/devkitpro/libctru/lib/libctru.a(fs.o)
                0x0010b8e8                fsInit
 .text.fsExit   0x0010b9b8       0x3c /opt/devkitpro/libctru/lib/libctru.a(fs.o)
                0x0010b9b8                fsExit
 .text.fsExemptFromSession
                0x0010b9f4       0x60 /opt/devkitpro/libctru/lib/libctru.a(fs.o)
                0x0010b9f4                fsExemptFromSession
 .text.fsUnexemptFromSession
                0x0010ba54       0x50 /opt/devkitpro/libctru/lib/libctru.a(fs.o)
                0x0010ba54                fsUnexemptFromSession
 .text.FSUSER_OpenFile
                0x0010baa4       0xcc /opt/devkitpro/libctru/lib/libctru.a(fs.o)
                0x0010baa4                FSUSER_OpenFile
 .text.FSUSER_OpenFileDirectly
                0x0010bb70       0xd4 /opt/devkitpro/libctru/lib/libctru.a(fs.o)
                0x0010bb70                FSUSER_OpenFileDirectly
 .text.FSUSER_DeleteFile
                0x0010bc44       0xbc /opt/devkitpro/libctru/lib/libctru.a(fs.o)
                0x0010bc44                FSUSER_DeleteFile
 .text.FSUSER_RenameFile
                0x0010bd00       0xf8 /opt/devkitpro/libctru/lib/libctru.a(fs.o)
                0x0010bd00                FSUSER_RenameFile
 .text.FSUSER_DeleteDirectory
                0x0010bdf8       0xbc /opt/devkitpro/libctru/lib/libctru.a(fs.o)
                0x0010bdf8                FSUSER_DeleteDirectory
 .text.FSUSER_CreateFile
                0x0010beb4       0xd4 /opt/devkitpro/libctru/lib/libctru.a(fs.o)
                0x0010beb4                FSUSER_CreateFile
 .text.FSUSER_CreateDirectory
                0x0010bf88       0xc4 /opt/devkitpro/libctru/lib/libctru.a(fs.o)
                0x0010bf88                FSUSER_CreateDirectory
 .text.FSUSER_RenameDirectory
                0x0010c04c       0xf8 /opt/devkitpro/libctru/lib/libctru.a(fs.o)
                0x0010c04c                FSUSER_RenameDirectory
 .text.FSUSER_OpenDirectory
                0x0010c144       0xb4 /opt/devkitpro/libctru/lib/libctru.a(fs.o)
                0x0010c144                FSUSER_OpenDirectory
 .text.FSUSER_OpenArchive
                0x0010c1f8       0x94 /opt/devkitpro/libctru/lib/libctru.a(fs.o)
                0x0010c1f8                FSUSER_OpenArchive
 .text.FSUSER_CloseArchive
                0x0010c28c       0x8c /opt/devkitpro/libctru/lib/libctru.a(fs.o)
                0x0010c28c                FSUSER_CloseArchive
 .text.FSUSER_GetSdmcArchiveResource
                0x0010c318       0x74 /opt/devkitpro/libctru/lib/libctru.a(fs.o)
                0x0010c318                FSUSER_GetSdmcArchiveResource
 .text.FSUSER_IsSdmcWritable
                0x0010c38c       0x64 /opt/devkitpro/libctru/lib/libctru.a(fs.o)
                0x0010c38c                FSUSER_IsSdmcWritable
 .text.FSFILE_Read
                0x0010c3f0       0x58 /opt/devkitpro/libctru/lib/libctru.a(fs.o)
                0x0010c3f0                FSFILE_Read
 .text.FSFILE_Write
                0x0010c448       0x60 /opt/devkitpro/libctru/lib/libctru.a(fs.o)
                0x0010c448                FSFILE_Write
 .text.FSFILE_GetSize
                0x0010c4a8       0x38 /opt/devkitpro/libctru/lib/libctru.a(fs.o)
                0x0010c4a8                FSFILE_GetSize
 .text.FSFILE_SetSize
                0x0010c4e0       0x28 /opt/devkitpro/libctru/lib/libctru.a(fs.o)
                0x0010c4e0                FSFILE_SetSize
 .text.FSFILE_Close
                0x0010c508       0x3c /opt/devkitpro/libctru/lib/libctru.a(fs.o)
                0x0010c508                FSFILE_Close
 .text.FSFILE_Flush
                0x0010c544       0x24 /opt/devkitpro/libctru/lib/libctru.a(fs.o)
                0x0010c544                FSFILE_Flush
 .text.FSDIR_Read
                0x0010c568       0x50 /opt/devkitpro/libctru/lib/libctru.a(fs.o)
                0x0010c568                FSDIR_Read
 .text.FSDIR_Close
                0x0010c5b8       0x3c /opt/devkitpro/libctru/lib/libctru.a(fs.o)
                0x0010c5b8                FSDIR_Close
 .text.gspHardwareInit
                0x0010c5f4      0xc70 /opt/devkitpro/libctru/lib/libctru.a(gspgpu.o)
 .text.gspInit  0x0010d264      0x248 /opt/devkitpro/libctru/lib/libctru.a(gspgpu.o)
                0x0010d264                gspInit
 .text.gspExit  0x0010d4ac       0xe4 /opt/devkitpro/libctru/lib/libctru.a(gspgpu.o)
                0x0010d4ac                gspExit
 .text.gspHasGpuRight
                0x0010d590       0x10 /opt/devkitpro/libctru/lib/libctru.a(gspgpu.o)
                0x0010d590                gspHasGpuRight
 .text.gspPresentBuffer
                0x0010d5a0       0xa0 /opt/devkitpro/libctru/lib/libctru.a(gspgpu.o)
                0x0010d5a0                gspPresentBuffer
 .text.gspSetEventCallback
                0x0010d640       0x30 /opt/devkitpro/libctru/lib/libctru.a(gspgpu.o)
                0x0010d640                gspSetEventCallback
 .text.gspWaitForEvent
                0x0010d670       0x44 /opt/devkitpro/libctru/lib/libctru.a(gspgpu.o)
                0x0010d670                gspWaitForEvent
 .text.gspWaitForAnyEvent
                0x0010d6b4       0x4c /opt/devkitpro/libctru/lib/libctru.a(gspgpu.o)
                0x0010d6b4                gspWaitForAnyEvent
 .text.gspEventThreadMain
                0x0010d700      0x160 /opt/devkitpro/libctru/lib/libctru.a(gspgpu.o)
 .text.gspSubmitGxCommand
                0x0010d860      0x130 /opt/devkitpro/libctru/lib/libctru.a(gspgpu.o)
                0x0010d860                gspSubmitGxCommand
 .text.GSPGPU_FlushDataCache
                0x0010d990       0x50 /opt/devkitpro/libctru/lib/libctru.a(gspgpu.o)
                0x0010d990                GSPGPU_FlushDataCache
 .text.GSPGPU_SetLcdForceBlack
                0x0010d9e0       0x34 /opt/devkitpro/libctru/lib/libctru.a(gspgpu.o)
                0x0010d9e0                GSPGPU_SetLcdForceBlack
 .text.GSPGPU_AcquireRight
                0x0010da14       0x68 /opt/devkitpro/libctru/lib/libctru.a(gspgpu.o)
                0x0010da14                GSPGPU_AcquireRight
 .text.GSPGPU_ReleaseRight
                0x0010da7c       0x48 /opt/devkitpro/libctru/lib/libctru.a(gspgpu.o)
                0x0010da7c                GSPGPU_ReleaseRight
 .text.GSPGPU_ImportDisplayCaptureInfo
                0x0010dac4       0x7c /opt/devkitpro/libctru/lib/libctru.a(gspgpu.o)
                0x0010dac4                GSPGPU_ImportDisplayCaptureInfo
 .text.GSPGPU_SaveVramSysArea
                0x0010db40       0x2c /opt/devkitpro/libctru/lib/libctru.a(gspgpu.o)
                0x0010db40                GSPGPU_SaveVramSysArea
 .text.GSPGPU_RestoreVramSysArea
                0x0010db6c       0x2c /opt/devkitpro/libctru/lib/libctru.a(gspgpu.o)
                0x0010db6c                GSPGPU_RestoreVramSysArea
 .text.hidShouldUseIrrst
                0x0010db98       0x24 /opt/devkitpro/libctru/lib/libctru.a(hid.o)
                0x0010db98                hidShouldUseIrrst
 .text.hidInit  0x0010dbbc      0x18c /opt/devkitpro/libctru/lib/libctru.a(hid.o)
                0x0010dbbc                hidInit
 .text.hidExit  0x0010dd48       0xe8 /opt/devkitpro/libctru/lib/libctru.a(hid.o)
                0x0010dd48                hidExit
 .text.hidScanInput
                0x0010de30      0x2a4 /opt/devkitpro/libctru/lib/libctru.a(hid.o)
                0x0010de30                hidScanInput
 .text.hidKeysDown
                0x0010e0d4       0x10 /opt/devkitpro/libctru/lib/libctru.a(hid.o)
                0x0010e0d4                hidKeysDown
 .text.irrstInit
                0x0010e0e4      0x160 /opt/devkitpro/libctru/lib/libctru.a(irrst.o)
                0x0010e0e4                irrstInit
 .text.irrstExit
                0x0010e244       0xcc /opt/devkitpro/libctru/lib/libctru.a(irrst.o)
                0x0010e244                irrstExit
 .text.irrstScanInput
                0x0010e310       0xb4 /opt/devkitpro/libctru/lib/libctru.a(irrst.o)
                0x0010e310                irrstScanInput
 .text.irrstKeysHeld
                0x0010e3c4       0x24 /opt/devkitpro/libctru/lib/libctru.a(irrst.o)
                0x0010e3c4                irrstKeysHeld
 .text.ptmSysmInit
                0x0010e3e8       0x74 /opt/devkitpro/libctru/lib/libctru.a(ptmsysm.o)
                0x0010e3e8                ptmSysmInit
 .text.ptmSysmExit
                0x0010e45c       0x3c /opt/devkitpro/libctru/lib/libctru.a(ptmsysm.o)
                0x0010e45c                ptmSysmExit
 .text.PTMSYSM_ConfigureNew3DSCPU
                0x0010e498       0x34 /opt/devkitpro/libctru/lib/libctru.a(ptmsysm.o)
                0x0010e498                PTMSYSM_ConfigureNew3DSCPU
 .text.swkbdMessageCallback
                0x0010e4cc      0x178 /opt/devkitpro/libctru/lib/libctru.a(swkbd.o)
 .text.swkbdInit
                0x0010e644       0x78 /opt/devkitpro/libctru/lib/libctru.a(swkbd.o)
                0x0010e644                swkbdInit
 .text.swkbdSetHintText
                0x0010e6bc       0x50 /opt/devkitpro/libctru/lib/libctru.a(swkbd.o)
                0x0010e6bc                swkbdSetHintText
 .text.swkbdSetButton
                0x0010e70c       0x6c /opt/devkitpro/libctru/lib/libctru.a(swkbd.o)
                0x0010e70c                swkbdSetButton
 .text.swkbdInputText
                0x0010e778      0x3a4 /opt/devkitpro/libctru/lib/libctru.a(swkbd.o)
                0x0010e778                swkbdInputText
 .text.rbtree_find
                0x0010eb1c       0x74 /opt/devkitpro/libctru/lib/libctru.a(rbtree_find.o)
                0x0010eb1c                rbtree_find
 .text.rbtree_init
                0x0010eb90       0x10 /opt/devkitpro/libctru/lib/libctru.a(rbtree_init.o)
                0x0010eb90                rbtree_init
 .text.do_insert
                0x0010eba0      0x19c /opt/devkitpro/libctru/lib/libctru.a(rbtree_insert.o)
 .text.rbtree_insert
                0x0010ed3c        0x8 /opt/devkitpro/libctru/lib/libctru.a(rbtree_insert.o)
                0x0010ed3c                rbtree_insert
 .text.rbtree_remove
                0x0010ed44      0x310 /opt/devkitpro/libctru/lib/libctru.a(rbtree_remove.o)
                0x0010ed44                rbtree_remove
 .text.rbtree_rotate
                0x0010f054       0x90 /opt/devkitpro/libctru/lib/libctru.a(rbtree_rotate.o)
                0x0010f054                rbtree_rotate
 .text.decode_utf8
                0x0010f0e4      0x13c /opt/devkitpro/libctru/lib/libctru.a(decode_utf8.o)
                0x0010f0e4                decode_utf8
 .text.utf16_to_utf8
                0x0010f220       0xe8 /opt/devkitpro/libctru/lib/libctru.a(utf16_to_utf8.o)
                0x0010f220                utf16_to_utf8
 .text.utf8_to_utf16
                0x0010f308       0xc0 /opt/devkitpro/libctru/lib/libctru.a(utf8_to_utf16.o)
                0x0010f308                utf8_to_utf16
 .text.__system_allocateHeaps
                0x0010f3c8      0x1e0 /opt/devkitpro/libctru/lib/libctru.a(allocateHeaps.o)
                0x0010f3c8                __system_allocateHeaps
 .text.__libctru_init
                0x0010f5a8       0x38 /opt/devkitpro/libctru/lib/libctru.a(ctru_init.o)
                0x0010f5a8                __libctru_init
 .text.__system_initArgv
                0x0010f5e0      0x160 /opt/devkitpro/libctru/lib/libctru.a(initArgv.o)
                0x0010f5e0                __system_initArgv
 .text.__syscall_getreent
                0x0010f740       0x30 /opt/devkitpro/libctru/lib/libctru.a(syscalls.o)
                0x0010f740                __syscall_getreent
 .text.__syscall_gettod_r
                0x0010f770       0x64 /opt/devkitpro/libctru/lib/libctru.a(syscalls.o)
                0x0010f770                __syscall_gettod_r
 .text.__syscall_lock_acquire
                0x0010f7d4        0x4 /opt/devkitpro/libctru/lib/libctru.a(syscalls.o)
                0x0010f7d4                __syscall_lock_acquire
 .text.__syscall_lock_release
                0x0010f7d8        0x4 /opt/devkitpro/libctru/lib/libctru.a(syscalls.o)
                0x0010f7d8                __syscall_lock_release
 .text.__syscall_lock_acquire_recursive
                0x0010f7dc        0x4 /opt/devkitpro/libctru/lib/libctru.a(syscalls.o)
                0x0010f7dc                __syscall_lock_acquire_recursive
 .text.__syscall_lock_release_recursive
                0x0010f7e0        0x4 /opt/devkitpro/libctru/lib/libctru.a(syscalls.o)
                0x0010f7e0                __syscall_lock_release_recursive
 .text.__syscall_exit
                0x0010f7e4        0x4 /opt/devkitpro/libctru/lib/libctru.a(syscalls.o)
                0x0010f7e4                __syscall_exit
 .text.initThreadVars
                0x0010f7e8       0x50 /opt/devkitpro/libctru/lib/libctru.a(syscalls.o)
                0x0010f7e8                initThreadVars
 .text.__system_initSyscalls
                0x0010f838       0x80 /opt/devkitpro/libctru/lib/libctru.a(syscalls.o)
                0x0010f838                __system_initSyscalls
 .text.svcControlMemory
                0x0010f8b8       0x20 /opt/devkitpro/libctru/lib/libctru.a(svc.o)
                0x0010f8b8                svcControlMemory
 .text.svcQueryMemory
                0x0010f8d8       0x30 /opt/devkitpro/libctru/lib/libctru.a(svc.o)
                0x0010f8d8                svcQueryMemory
 .text.svcExitProcess
                0x0010f908        0x8 /opt/devkitpro/libctru/lib/libctru.a(svc.o)
                0x0010f908                svcExitProcess
 .text.svcCreateThread
                0x0010f910       0x20 /opt/devkitpro/libctru/lib/libctru.a(svc.o)
                0x0010f910                svcCreateThread
 .text.svcExitThread
                0x0010f930        0x8 /opt/devkitpro/libctru/lib/libctru.a(svc.o)
                0x0010f930                svcExitThread
 .text.svcSleepThread
                0x0010f938        0x8 /opt/devkitpro/libctru/lib/libctru.a(svc.o)
                0x0010f938                svcSleepThread
 .text.svcReleaseMutex
                0x0010f940        0x8 /opt/devkitpro/libctru/lib/libctru.a(svc.o)
                0x0010f940                svcReleaseMutex
 .text.svcCreateEvent
                0x0010f948       0x14 /opt/devkitpro/libctru/lib/libctru.a(svc.o)
                0x0010f948                svcCreateEvent
 .text.svcSignalEvent
                0x0010f95c        0x8 /opt/devkitpro/libctru/lib/libctru.a(svc.o)
                0x0010f95c                svcSignalEvent
 .text.svcClearEvent
                0x0010f964        0x8 /opt/devkitpro/libctru/lib/libctru.a(svc.o)
                0x0010f964                svcClearEvent
 .text.svcCreateMemoryBlock
                0x0010f96c       0x18 /opt/devkitpro/libctru/lib/libctru.a(svc.o)
                0x0010f96c                svcCreateMemoryBlock
 .text.svcMapMemoryBlock
                0x0010f984        0x8 /opt/devkitpro/libctru/lib/libctru.a(svc.o)
                0x0010f984                svcMapMemoryBlock
 .text.svcUnmapMemoryBlock
                0x0010f98c        0x8 /opt/devkitpro/libctru/lib/libctru.a(svc.o)
                0x0010f98c                svcUnmapMemoryBlock
 .text.svcCreateAddressArbiter
                0x0010f994       0x14 /opt/devkitpro/libctru/lib/libctru.a(svc.o)
                0x0010f994                svcCreateAddressArbiter
 .text.svcArbitrateAddressNoTimeout
                0x0010f9a8        0x8 /opt/devkitpro/libctru/lib/libctru.a(svc.o)
                0x0010f9a8                svcArbitrateAddressNoTimeout
 .text.svcCloseHandle
                0x0010f9b0        0x8 /opt/devkitpro/libctru/lib/libctru.a(svc.o)
                0x0010f9b0                svcCloseHandle
 .text.svcWaitSynchronization
                0x0010f9b8        0x8 /opt/devkitpro/libctru/lib/libctru.a(svc.o)
                0x0010f9b8                svcWaitSynchronization
 .text.svcWaitSynchronizationN
                0x0010f9c0       0x28 /opt/devkitpro/libctru/lib/libctru.a(svc.o)
                0x0010f9c0                svcWaitSynchronizationN
 .text.svcDuplicateHandle
                0x0010f9e8       0x14 /opt/devkitpro/libctru/lib/libctru.a(svc.o)
                0x0010f9e8                svcDuplicateHandle
 .text.svcGetSystemTick
                0x0010f9fc        0x8 /opt/devkitpro/libctru/lib/libctru.a(svc.o)
                0x0010f9fc                svcGetSystemTick
 .text.svcConnectToPort
                0x0010fa04       0x14 /opt/devkitpro/libctru/lib/libctru.a(svc.o)
                0x0010fa04                svcConnectToPort
 .text.svcSendSyncRequest
                0x0010fa18        0x8 /opt/devkitpro/libctru/lib/libctru.a(svc.o)
                0x0010fa18                svcSendSyncRequest
 .text.svcGetResourceLimit
                0x0010fa20       0x14 /opt/devkitpro/libctru/lib/libctru.a(svc.o)
                0x0010fa20                svcGetResourceLimit
 .text.svcGetResourceLimitLimitValues
                0x0010fa34        0x8 /opt/devkitpro/libctru/lib/libctru.a(svc.o)
                0x0010fa34                svcGetResourceLimitLimitValues
 .text.svcGetResourceLimitCurrentValues
                0x0010fa3c        0x8 /opt/devkitpro/libctru/lib/libctru.a(svc.o)
                0x0010fa3c                svcGetResourceLimitCurrentValues
 .text.svcBreak
                0x0010fa44        0x8 /opt/devkitpro/libctru/lib/libctru.a(svc.o)
                0x0010fa44                svcBreak
 .text.__aeabi_read_tp
                0x0010fa4c        0xc /opt/devkitpro/libctru/lib/libctru.a(readtp.o)
                0x0010fa4c                __aeabi_read_tp
 .text.initSystem
                0x0010fa58       0x50 /opt/devkitpro/libctru/lib/libctru.a(stack_adjust.o)
                0x0010fa58                initSystem
 .text.__ctru_exit
                0x0010faa8       0x14 /opt/devkitpro/libctru/lib/libctru.a(stack_adjust.o)
                0x0010faa8                __ctru_exit
 .text.envGetHandle
                0x0010fabc       0x84 /opt/devkitpro/libctru/lib/libctru.a(env.o)
                0x0010fabc                envGetHandle
 .text.envDestroyHandles
                0x0010fb40       0x50 /opt/devkitpro/libctru/lib/libctru.a(env.o)
                0x0010fb40                envDestroyHandles
 .text.srvInit  0x0010fb90      0x12c /opt/devkitpro/libctru/lib/libctru.a(srv.o)
                0x0010fb90                srvInit
 .text.srvExit  0x0010fcbc       0x58 /opt/devkitpro/libctru/lib/libctru.a(srv.o)
                0x0010fcbc                srvExit
 .text.srvEnableNotification
                0x0010fd14       0x60 /opt/devkitpro/libctru/lib/libctru.a(srv.o)
                0x0010fd14                srvEnableNotification
 .text.srvGetServiceHandleDirect
                0x0010fd74       0xa0 /opt/devkitpro/libctru/lib/libctru.a(srv.o)
                0x0010fd74                srvGetServiceHandleDirect
 .text.srvGetServiceHandle
                0x0010fe14       0x38 /opt/devkitpro/libctru/lib/libctru.a(srv.o)
                0x0010fe14                srvGetServiceHandle
 .text.srvSubscribe
                0x0010fe4c       0x34 /opt/devkitpro/libctru/lib/libctru.a(srv.o)
                0x0010fe4c                srvSubscribe
 .text.srvReceiveNotification
                0x0010fe80       0x60 /opt/devkitpro/libctru/lib/libctru.a(srv.o)
                0x0010fe80                srvReceiveNotification
 .text.srvPublishToSubscriber
                0x0010fee0       0x38 /opt/devkitpro/libctru/lib/libctru.a(srv.o)
                0x0010fee0                srvPublishToSubscriber
 .text.__sync_init
                0x0010ff18        0xc /opt/devkitpro/libctru/lib/libctru.a(synchronization.o)
                0x0010ff18                __sync_init
 .text.__sync_fini
                0x0010ff24       0x18 /opt/devkitpro/libctru/lib/libctru.a(synchronization.o)
                0x0010ff24                __sync_fini
 .text.syncArbitrateAddress
                0x0010ff3c       0x2c /opt/devkitpro/libctru/lib/libctru.a(synchronization.o)
                0x0010ff3c                syncArbitrateAddress
 .text.LightLock_Lock
                0x0010ff68       0xb0 /opt/devkitpro/libctru/lib/libctru.a(synchronization.o)
                0x0010ff68                LightLock_Lock
 .text.LightLock_Unlock
                0x00110018       0x40 /opt/devkitpro/libctru/lib/libctru.a(synchronization.o)
                0x00110018                LightLock_Unlock
 .text.RecursiveLock_Lock
                0x00110058       0x30 /opt/devkitpro/libctru/lib/libctru.a(synchronization.o)
                0x00110058                RecursiveLock_Lock
 .text.RecursiveLock_Unlock
                0x00110088       0x54 /opt/devkitpro/libctru/lib/libctru.a(synchronization.o)
                0x00110088                RecursiveLock_Unlock
 .text.LightEvent_Init
                0x001100dc       0x40 /opt/devkitpro/libctru/lib/libctru.a(synchronization.o)
                0x001100dc                LightEvent_Init
 .text.LightEvent_Clear
                0x0011011c       0xa4 /opt/devkitpro/libctru/lib/libctru.a(synchronization.o)
                0x0011011c                LightEvent_Clear
 .text.LightEvent_Signal
                0x001101c0       0xc8 /opt/devkitpro/libctru/lib/libctru.a(synchronization.o)
                0x001101c0                LightEvent_Signal
 .text.LightEvent_TryWait
                0x00110288       0x50 /opt/devkitpro/libctru/lib/libctru.a(synchronization.o)
                0x00110288                LightEvent_TryWait
 .text.LightEvent_Wait
                0x001102d8       0xa0 /opt/devkitpro/libctru/lib/libctru.a(synchronization.o)
                0x001102d8                LightEvent_Wait
 .text.threadCreate
                0x00110378      0x1d4 /opt/devkitpro/libctru/lib/libctru.a(thread.o)
                0x00110378                threadCreate
 .text.threadFree
                0x0011054c       0x2c /opt/devkitpro/libctru/lib/libctru.a(thread.o)
                0x0011054c                threadFree
 .text.threadJoin
                0x00110578       0x24 /opt/devkitpro/libctru/lib/libctru.a(thread.o)
                0x00110578                threadJoin
 .text.threadGetCurrent
                0x0011059c       0x30 /opt/devkitpro/libctru/lib/libctru.a(thread.o)
                0x0011059c                threadGetCurrent
 .text.threadExit
                0x001105cc       0x40 /opt/devkitpro/libctru/lib/libctru.a(thread.o)
                0x001105cc                threadExit
 .text._thread_begin
                0x0011060c       0x20 /opt/devkitpro/libctru/lib/libctru.a(thread.o)
 .text.mappableFindAddressWithin
                0x0011062c       0x90 /opt/devkitpro/libctru/lib/libctru.a(mappable.o)
 .text.mappableInit
                0x001106bc       0x28 /opt/devkitpro/libctru/lib/libctru.a(mappable.o)
                0x001106bc                mappableInit
 .text.mappableAlloc
                0x001106e4       0x80 /opt/devkitpro/libctru/lib/libctru.a(mappable.o)
                0x001106e4                mappableAlloc
 .text.mappableFree
                0x00110764        0x4 /opt/devkitpro/libctru/lib/libctru.a(mappable.o)
                0x00110764                mappableFree
 .text.srvPmGetSessionHandle
                0x00110768        0xc /opt/devkitpro/libctru/lib/libctru.a(srvpm.o)
                0x00110768                srvPmGetSessionHandle
 .text.rbtree_node_next
                0x00110774       0x5c /opt/devkitpro/libctru/lib/libctru.a(rbtree_iterator.o)
                0x00110774                rbtree_node_next
 .text.decode_utf16
                0x001107d0       0x64 /opt/devkitpro/libctru/lib/libctru.a(decode_utf16.o)
                0x001107d0                decode_utf16
 .text.encode_utf16
                0x00110834       0x54 /opt/devkitpro/libctru/lib/libctru.a(encode_utf16.o)
                0x00110834                encode_utf16
 .text.encode_utf8
                0x00110888       0xe0 /opt/devkitpro/libctru/lib/libctru.a(encode_utf8.o)
                0x00110888                encode_utf8
 .text.__appExit
                0x00110968       0x30 /opt/devkitpro/libctru/lib/libctru.a(appExit.o)
                0x00110968                __appExit
 .text.__appInit
                0x00110998       0x30 /opt/devkitpro/libctru/lib/libctru.a(appInit.o)
                0x00110998                __appInit
 .text.__libctru_exit
                0x001109c8       0x90 /opt/devkitpro/libctru/lib/libctru.a(ctru_exit.o)
                0x001109c8                __libctru_exit
 .text.archive_link
                0x00110a58       0x14 /opt/devkitpro/libctru/lib/libctru.a(archive_dev.o)
 .text.archive_dirreset
                0x00110a6c       0x14 /opt/devkitpro/libctru/lib/libctru.a(archive_dev.o)
 .text.archive_chmod
                0x00110a80       0x14 /opt/devkitpro/libctru/lib/libctru.a(archive_dev.o)
 .text.error_cmp
                0x00110a94       0x24 /opt/devkitpro/libctru/lib/libctru.a(archive_dev.o)
 .text.archive_translate_error
                0x00110ab8       0x50 /opt/devkitpro/libctru/lib/libctru.a(archive_dev.o)
 .text.archive_seek
                0x00110b08       0xc4 /opt/devkitpro/libctru/lib/libctru.a(archive_dev.o)
 .text._archiveInit.part.0
                0x00110bcc       0x78 /opt/devkitpro/libctru/lib/libctru.a(archive_dev.o)
 .text.archiveFindDevice.part.0
                0x00110c44       0xc4 /opt/devkitpro/libctru/lib/libctru.a(archive_dev.o)
 .text.archive_utf16path
                0x00110d08      0x290 /opt/devkitpro/libctru/lib/libctru.a(archive_dev.o)
 .text._archiveUnmountDeviceStruct.part.0
                0x00110f98       0x9c /opt/devkitpro/libctru/lib/libctru.a(archive_dev.o)
 .text.archive_statvfs
                0x00111034       0x14 /opt/devkitpro/libctru/lib/libctru.a(archive_dev.o)
 .text.archive_fchmod
                0x00111048       0x14 /opt/devkitpro/libctru/lib/libctru.a(archive_dev.o)
 .text._archiveMountDevice
                0x0011105c      0x168 /opt/devkitpro/libctru/lib/libctru.a(archive_dev.o)
 .text.archive_diropen
                0x001111c4       0xe8 /opt/devkitpro/libctru/lib/libctru.a(archive_dev.o)
 .text.archive_fstat
                0x001112ac       0xa4 /opt/devkitpro/libctru/lib/libctru.a(archive_dev.o)
 .text.archive_fsync
                0x00111350       0x6c /opt/devkitpro/libctru/lib/libctru.a(archive_dev.o)
 .text.archive_close
                0x001113bc       0x6c /opt/devkitpro/libctru/lib/libctru.a(archive_dev.o)
 .text.archive_dirclose
                0x00111428       0x70 /opt/devkitpro/libctru/lib/libctru.a(archive_dev.o)
 .text.sdmc_statvfs
                0x00111498       0xe4 /opt/devkitpro/libctru/lib/libctru.a(archive_dev.o)
 .text.archive_chdir
                0x0011157c       0xec /opt/devkitpro/libctru/lib/libctru.a(archive_dev.o)
 .text.archive_ftruncate
                0x00111668       0x7c /opt/devkitpro/libctru/lib/libctru.a(archive_dev.o)
 .text.archive_read
                0x001116e4       0xac /opt/devkitpro/libctru/lib/libctru.a(archive_dev.o)
 .text.archive_unlink
                0x00111790       0xa4 /opt/devkitpro/libctru/lib/libctru.a(archive_dev.o)
 .text.archive_rmdir
                0x00111834       0xbc /opt/devkitpro/libctru/lib/libctru.a(archive_dev.o)
 .text.archive_mkdir
                0x001118f0       0xdc /opt/devkitpro/libctru/lib/libctru.a(archive_dev.o)
 .text.archive_stat
                0x001119cc      0x194 /opt/devkitpro/libctru/lib/libctru.a(archive_dev.o)
 .text.archive_dirnext
                0x00111b60      0x15c /opt/devkitpro/libctru/lib/libctru.a(archive_dev.o)
 .text.archive_write
                0x00111cbc      0x124 /opt/devkitpro/libctru/lib/libctru.a(archive_dev.o)
 .text.archive_open
                0x00111de0      0x210 /opt/devkitpro/libctru/lib/libctru.a(archive_dev.o)
 .text.archive_rename
                0x00111ff0      0x268 /opt/devkitpro/libctru/lib/libctru.a(archive_dev.o)
 .text.archiveMountSdmc
                0x00112258      0x19c /opt/devkitpro/libctru/lib/libctru.a(archive_dev.o)
                0x00112258                archiveMountSdmc
 .text.archiveUnmountAll
                0x001123f4       0x54 /opt/devkitpro/libctru/lib/libctru.a(archive_dev.o)
                0x001123f4                archiveUnmountAll
 .text.ceilf    0x00112448       0xc0 /opt/devkitpro/devkitARM/bin/../lib/gcc/arm-none-eabi/14.2.0/../../../../arm-none-eabi/lib/armv6k/fpu/libm.a(libm_a-sf_ceil.o)
                0x00112448                ceilf
 .text.__udivmoddi4
                0x00112508      0x120 /opt/devkitpro/devkitARM/bin/../lib/gcc/arm-none-eabi/14.2.0/armv6k/fpu/libgcc.a(_udivmoddi4.o)
                0x00112508                __udivmoddi4
 .text.strncmp  0x00112628       0xd8 /opt/devkitpro/devkitARM/bin/../lib/gcc/arm-none-eabi/14.2.0/../../../../arm-none-eabi/lib/armv6k/fpu/libg.a(libc_a-strncmp.o)
                0x00112628                strncmp
 .text.strchr   0x00112700      0x130 /opt/devkitpro/devkitARM/bin/../lib/gcc/arm-none-eabi/14.2.0/../../../../arm-none-eabi/lib/armv6k/fpu/libg.a(libc_a-strchr.o)
                0x00112700                strchr
 .text.strlen   0x00112830       0x5c /opt/devkitpro/devkitARM/bin/../lib/gcc/arm-none-eabi/14.2.0/../../../../arm-none-eabi/lib/armv6k/fpu/libg.a(libc_a-strlen-stub.o)
                0x00112830                strlen
 .text._fwrite_r
                0x0011288c       0xf4 /opt/devkitpro/devkitARM/bin/../lib/gcc/arm-none-eabi/14.2.0/../../../../arm-none-eabi/lib/armv6k/fpu/libg.a(libc_a-fwrite.o)
                0x0011288c                _fwrite_r
 .text.fwrite   0x00112980       0x38 /opt/devkitpro/devkitARM/bin/../lib/gcc/arm-none-eabi/14.2.0/../../../../arm-none-eabi/lib/armv6k/fpu/libg.a(libc_a-fwrite.o)
                0x00112980                fwrite
 .text.__sfvwrite_r
                0x001129b8      0x480 /opt/devkitpro/devkitARM/bin/../lib/gcc/arm-none-eabi/14.2.0/../../../../arm-none-eabi/lib/armv6k/fpu/libg.a(libc_a-fvwrite.o)
                0x001129b8                __sfvwrite_r
 .text.memchr   0x00112e38       0xe0 /opt/devkitpro/devkitARM/bin/../lib/gcc/arm-none-eabi/14.2.0/../../../../arm-none-eabi/lib/armv6k/fpu/libg.a(libc_a-memchr-stub.o)
                0x00112e38                memchr
 .text.memcmp   0x00112f18       0xd4 /opt/devkitpro/devkitARM/bin/../lib/gcc/arm-none-eabi/14.2.0/../../../../arm-none-eabi/lib/armv6k/fpu/libg.a(libc_a-memcmp.o)
                0x00112f18                memcmp
 .text._strtoul_l.isra.0
                0x00112fec      0x1e4 /opt/devkitpro/devkitARM/bin/../lib/gcc/arm-none-eabi/14.2.0/../../../../arm-none-eabi/lib/armv6k/fpu/libg.a(libc_a-strtoul.o)
 .text.strtoul  0x001131d0       0x34 /opt/devkitpro/devkitARM/bin/../lib/gcc/arm-none-eabi/14.2.0/../../../../arm-none-eabi/lib/armv6k/fpu/libg.a(libc_a-strtoul.o)
                0x001131d0                strtoul
 .text.strncat  0x00113204       0xe4 /opt/devkitpro/devkitARM/bin/../lib/gcc/arm-none-eabi/14.2.0/../../../../arm-none-eabi/lib/armv6k/fpu/libg.a(libc_a-strncat.o)
                0x00113204                strncat
 .text.bsearch  0x001132e8       0x78 /opt/devkitpro/devkitARM/bin/../lib/gcc/arm-none-eabi/14.2.0/../../../../arm-none-eabi/lib/armv6k/fpu/libg.a(libc_a-bsearch.o)
                0x001132e8                bsearch
 .text._fread_r
                0x00113360      0x344 /opt/devkitpro/devkitARM/bin/../lib/gcc/arm-none-eabi/14.2.0/../../../../arm-none-eabi/lib/armv6k/fpu/libg.a(libc_a-fread.o)
                0x00113360                _fread_r
 .text.fread    0x001136a4       0x38 /opt/devkitpro/devkitARM/bin/../lib/gcc/arm-none-eabi/14.2.0/../../../../arm-none-eabi/lib/armv6k/fpu/libg.a(libc_a-fread.o)
                0x001136a4                fread
 .text.calloc   0x001136dc       0x20 /opt/devkitpro/devkitARM/bin/../lib/gcc/arm-none-eabi/14.2.0/../../../../arm-none-eabi/lib/armv6k/fpu/libg.a(libc_a-calloc.o)
                0x001136dc                calloc
 .text.qsort    0x001136fc      0x96c /opt/devkitpro/devkitARM/bin/../lib/gcc/arm-none-eabi/14.2.0/../../../../arm-none-eabi/lib/armv6k/fpu/libg.a(libc_a-qsort.o)
                0x001136fc                qsort
 .text.lflush   0x00114068       0x38 /opt/devkitpro/devkitARM/bin/../lib/gcc/arm-none-eabi/14.2.0/../../../../arm-none-eabi/lib/armv6k/fpu/libg.a(libc_a-refill.o)
 .text.__srefill_r
                0x001140a0      0x19c /opt/devkitpro/devkitARM/bin/../lib/gcc/arm-none-eabi/14.2.0/../../../../arm-none-eabi/lib/armv6k/fpu/libg.a(libc_a-refill.o)
                0x001140a0                __srefill_r
 .text._fclose_r
                0x0011423c      0x148 /opt/devkitpro/devkitARM/bin/../lib/gcc/arm-none-eabi/14.2.0/../../../../arm-none-eabi/lib/armv6k/fpu/libg.a(libc_a-fclose.o)
                0x0011423c                _fclose_r
 .text.fclose   0x00114384       0x18 /opt/devkitpro/devkitARM/bin/../lib/gcc/arm-none-eabi/14.2.0/../../../../arm-none-eabi/lib/armv6k/fpu/libg.a(libc_a-fclose.o)
                0x00114384                fclose
 .text._calloc_r
                0x0011439c       0xc0 /opt/devkitpro/devkitARM/bin/../lib/gcc/arm-none-eabi/14.2.0/../../../../arm-none-eabi/lib/armv6k/fpu/libg.a(libc_a-callocr.o)
                0x0011439c                _calloc_r
 .text.__smakebuf_r
                0x0011445c      0x144 /opt/devkitpro/devkitARM/bin/../lib/gcc/arm-none-eabi/14.2.0/../../../../arm-none-eabi/lib/armv6k/fpu/libg.a(libc_a-makebuf.o)
                0x0011445c                __smakebuf_r
 .text.memalign
                0x001145a0       0x20 /opt/devkitpro/devkitARM/bin/../lib/gcc/arm-none-eabi/14.2.0/../../../../arm-none-eabi/lib/armv6k/fpu/libg.a(libc_a-malign.o)
                0x001145a0                memalign
 .text.stdio_exit_handler
                0x001145c0       0x1c /opt/devkitpro/devkitARM/bin/../lib/gcc/arm-none-eabi/14.2.0/../../../../arm-none-eabi/lib/armv6k/fpu/libg.a(libc_a-findfp.o)
 .text.cleanup_stdio
                0x001145dc       0x5c /opt/devkitpro/devkitARM/bin/../lib/gcc/arm-none-eabi/14.2.0/../../../../arm-none-eabi/lib/armv6k/fpu/libg.a(libc_a-findfp.o)
 .text.global_stdio_init.part.0
                0x00114638      0x154 /opt/devkitpro/devkitARM/bin/../lib/gcc/arm-none-eabi/14.2.0/../../../../arm-none-eabi/lib/armv6k/fpu/libg.a(libc_a-findfp.o)
 .text.__sfp    0x0011478c      0x134 /opt/devkitpro/devkitARM/bin/../lib/gcc/arm-none-eabi/14.2.0/../../../../arm-none-eabi/lib/armv6k/fpu/libg.a(libc_a-findfp.o)
                0x0011478c                __sfp
 .text.__sinit  0x001148c0       0x5c /opt/devkitpro/devkitARM/bin/../lib/gcc/arm-none-eabi/14.2.0/../../../../arm-none-eabi/lib/armv6k/fpu/libg.a(libc_a-findfp.o)
                0x001148c0                __sinit
 .text.__sfp_lock_acquire
                0x0011491c        0xc /opt/devkitpro/devkitARM/bin/../lib/gcc/arm-none-eabi/14.2.0/../../../../arm-none-eabi/lib/armv6k/fpu/libg.a(libc_a-findfp.o)
                0x0011491c                __sfp_lock_acquire
 .text.__sfp_lock_release
                0x00114928        0xc /opt/devkitpro/devkitARM/bin/../lib/gcc/arm-none-eabi/14.2.0/../../../../arm-none-eabi/lib/armv6k/fpu/libg.a(libc_a-findfp.o)
                0x00114928                __sfp_lock_release
 .text._malloc_r
                0x00114934      0x7e8 /opt/devkitpro/devkitARM/bin/../lib/gcc/arm-none-eabi/14.2.0/../../../../arm-none-eabi/lib/armv6k/fpu/libg.a(libc_a-mallocr.o)
                0x00114934                _malloc_r
 .text._malloc_trim_r
                0x0011511c       0xf8 /opt/devkitpro/devkitARM/bin/../lib/gcc/arm-none-eabi/14.2.0/../../../../arm-none-eabi/lib/armv6k/fpu/libg.a(libc_a-freer.o)
                0x0011511c                _malloc_trim_r
 .text._free_r  0x00115214      0x300 /opt/devkitpro/devkitARM/bin/../lib/gcc/arm-none-eabi/14.2.0/../../../../arm-none-eabi/lib/armv6k/fpu/libg.a(libc_a-freer.o)
                0x00115214                _free_r
 .text.strnlen  0x00115514       0x4c /opt/devkitpro/devkitARM/bin/../lib/gcc/arm-none-eabi/14.2.0/../../../../arm-none-eabi/lib/armv6k/fpu/libg.a(libc_a-strnlen.o)
                0x00115514                strnlen
 .text.__errno  0x00115560        0xc /opt/devkitpro/devkitARM/bin/../lib/gcc/arm-none-eabi/14.2.0/../../../../arm-none-eabi/lib/armv6k/fpu/libg.a(libc_a-errno.o)
                0x00115560                __errno
 .text.malloc   0x0011556c       0x34 /opt/devkitpro/devkitARM/bin/../lib/gcc/arm-none-eabi/14.2.0/../../../../arm-none-eabi/lib/armv6k/fpu/libg.a(libc_a-malloc.o)
                0x0011556c                malloc
 .text.free     0x001155a0       0x18 /opt/devkitpro/devkitARM/bin/../lib/gcc/arm-none-eabi/14.2.0/../../../../arm-none-eabi/lib/armv6k/fpu/libg.a(libc_a-malloc.o)
                0x001155a0                free
 .text.memcpy   0x001155b8      0x130 /opt/devkitpro/devkitARM/bin/../lib/gcc/arm-none-eabi/14.2.0/../../../../arm-none-eabi/lib/armv6k/fpu/libg.a(libc_a-memcpy-stub.o)
                0x001155b8                memcpy
 .text._fopen_r
                0x001156e8      0x134 /opt/devkitpro/devkitARM/bin/../lib/gcc/arm-none-eabi/14.2.0/../../../../arm-none-eabi/lib/armv6k/fpu/libg.a(libc_a-fopen.o)
                0x001156e8                _fopen_r
 .text.fopen    0x0011581c       0x20 /opt/devkitpro/devkitARM/bin/../lib/gcc/arm-none-eabi/14.2.0/../../../../arm-none-eabi/lib/armv6k/fpu/libg.a(libc_a-fopen.o)
                0x0011581c                fopen
 .text.time     0x0011583c       0x4c /opt/devkitpro/devkitARM/bin/../lib/gcc/arm-none-eabi/14.2.0/../../../../arm-none-eabi/lib/armv6k/fpu/libg.a(libc_a-time.o)
                0x0011583c                time
 .text.memset   0x00115888       0xe8 /opt/devkitpro/devkitARM/bin/../lib/gcc/arm-none-eabi/14.2.0/../../../../arm-none-eabi/lib/armv6k/fpu/libg.a(libc_a-memset.o)
                0x00115888                memset
 .text._realloc_r
                0x00115970      0x4a4 /opt/devkitpro/devkitARM/bin/../lib/gcc/arm-none-eabi/14.2.0/../../../../arm-none-eabi/lib/armv6k/fpu/libg.a(libc_a-reallocr.o)
                0x00115970                _realloc_r
 .text._fwalk_sglue
                0x00115e14       0x70 /opt/devkitpro/devkitARM/bin/../lib/gcc/arm-none-eabi/14.2.0/../../../../arm-none-eabi/lib/armv6k/fpu/libg.a(libc_a-fwalk.o)
                0x00115e14                _fwalk_sglue
 .text.__malloc_lock
                0x00115e84        0xc /opt/devkitpro/devkitARM/bin/../lib/gcc/arm-none-eabi/14.2.0/../../../../arm-none-eabi/lib/armv6k/fpu/libg.a(libc_a-mlock.o)
                0x00115e84                __malloc_lock
 .text.__malloc_unlock
                0x00115e90        0xc /opt/devkitpro/devkitARM/bin/../lib/gcc/arm-none-eabi/14.2.0/../../../../arm-none-eabi/lib/armv6k/fpu/libg.a(libc_a-mlock.o)
                0x00115e90                __malloc_unlock
 .text.__call_exitprocs
                0x00115e9c        0x4 /opt/devkitpro/devkitARM/bin/../lib/gcc/arm-none-eabi/14.2.0/../../../../arm-none-eabi/lib/armv6k/fpu/libg.a(libc_a-exit.o)
                0x00115e9c                __call_exitprocs
 .text.exit     0x00115ea0       0x30 /opt/devkitpro/devkitARM/bin/../lib/gcc/arm-none-eabi/14.2.0/../../../../arm-none-eabi/lib/armv6k/fpu/libg.a(libc_a-exit.o)
                0x00115ea0                exit
 .text._fseek_r
                0x00115ed0       0x1c /opt/devkitpro/devkitARM/bin/../lib/gcc/arm-none-eabi/14.2.0/../../../../arm-none-eabi/lib/armv6k/fpu/libg.a(libc_a-fseek.o)
                0x00115ed0                _fseek_r
 .text.snprintf
                0x00115eec       0xd4 /opt/devkitpro/devkitARM/bin/../lib/gcc/arm-none-eabi/14.2.0/../../../../arm-none-eabi/lib/armv6k/fpu/libg.a(libc_a-snprintf.o)
                0x00115eec                snprintf
 .text.strncpy  0x00115fc0       0xc4 /opt/devkitpro/devkitARM/bin/../lib/gcc/arm-none-eabi/14.2.0/../../../../arm-none-eabi/lib/armv6k/fpu/libg.a(libc_a-strncpy.o)
                0x00115fc0                strncpy
 .text.__sflags
                0x00116084       0xb4 /opt/devkitpro/devkitARM/bin/../lib/gcc/arm-none-eabi/14.2.0/../../../../arm-none-eabi/lib/armv6k/fpu/libg.a(libc_a-flags.o)
                0x00116084                __sflags
 .text.__libc_init_array
                0x00116138       0x84 /opt/devkitpro/devkitARM/bin/../lib/gcc/arm-none-eabi/14.2.0/../../../../arm-none-eabi/lib/armv6k/fpu/libg.a(libc_a-init.o)
                0x00116138                __libc_init_array
 .text.__swsetup_r
                0x001161bc      0x194 /opt/devkitpro/devkitARM/bin/../lib/gcc/arm-none-eabi/14.2.0/../../../../arm-none-eabi/lib/armv6k/fpu/libg.a(libc_a-wsetup.o)
                0x001161bc                __swsetup_r
 .text.__sflush_r
                0x00116350      0x228 /opt/devkitpro/devkitARM/bin/../lib/gcc/arm-none-eabi/14.2.0/../../../../arm-none-eabi/lib/armv6k/fpu/libg.a(libc_a-fflush.o)
                0x00116350                __sflush_r
 .text._fflush_r
                0x00116578       0x94 /opt/devkitpro/devkitARM/bin/../lib/gcc/arm-none-eabi/14.2.0/../../../../arm-none-eabi/lib/armv6k/fpu/libg.a(libc_a-fflush.o)
                0x00116578                _fflush_r
 .text.memmove  0x0011660c      0x160 /opt/devkitpro/devkitARM/bin/../lib/gcc/arm-none-eabi/14.2.0/../../../../arm-none-eabi/lib/armv6k/fpu/libg.a(libc_a-memmove.o)
                0x0011660c                memmove
 .text._memalign_r
                0x0011676c      0x150 /opt/devkitpro/devkitARM/bin/../lib/gcc/arm-none-eabi/14.2.0/../../../../arm-none-eabi/lib/armv6k/fpu/libg.a(libc_a-malignr.o)
                0x0011676c                _memalign_r
 .text.__libc_fini_array
                0x001168bc       0x3c /opt/devkitpro/devkitARM/bin/../lib/gcc/arm-none-eabi/14.2.0/../../../../arm-none-eabi/lib/armv6k/fpu/libg.a(libc_a-fini.o)
                0x001168bc                __libc_fini_array
 .text._fseeko_r
                0x001168f8      0x58c /opt/devkitpro/devkitARM/bin/../lib/gcc/arm-none-eabi/14.2.0/../../../../arm-none-eabi/lib/armv6k/fpu/libg.a(libc_a-fseeko.o)
                0x001168f8                _fseeko_r
 .text.__sread  0x00116e84       0x44 /opt/devkitpro/devkitARM/bin/../lib/gcc/arm-none-eabi/14.2.0/../../../../arm-none-eabi/lib/armv6k/fpu/libg.a(libc_a-stdio.o)
                0x00116e84                __sread
 .text.__swrite
                0x00116ec8       0x68 /opt/devkitpro/devkitARM/bin/../lib/gcc/arm-none-eabi/14.2.0/../../../../arm-none-eabi/lib/armv6k/fpu/libg.a(libc_a-stdio.o)
                0x00116ec8                __swrite
 .text.__sseek  0x00116f30       0x40 /opt/devkitpro/devkitARM/bin/../lib/gcc/arm-none-eabi/14.2.0/../../../../arm-none-eabi/lib/armv6k/fpu/libg.a(libc_a-stdio.o)
                0x00116f30                __sseek
 .text.__sclose
                0x00116f70        0x8 /opt/devkitpro/devkitARM/bin/../lib/gcc/arm-none-eabi/14.2.0/../../../../arm-none-eabi/lib/armv6k/fpu/libg.a(libc_a-stdio.o)
                0x00116f70                __sclose
 .text.get_arg  0x00116f78      0x5e4 /opt/devkitpro/devkitARM/bin/../lib/gcc/arm-none-eabi/14.2.0/../../../../arm-none-eabi/lib/armv6k/fpu/libg.a(libc_a-svfprintf.o)
 *fill*         0x0011755c        0x4 
 .text._svfprintf_r
                0x00117560     0x335c /opt/devkitpro/devkitARM/bin/../lib/gcc/arm-none-eabi/14.2.0/../../../../arm-none-eabi/lib/armv6k/fpu/libg.a(libc_a-svfprintf.o)
                0x00117560                _svfprintf_r
 .text._wcsrtombs_r
                0x0011a8bc       0x28 /opt/devkitpro/devkitARM/bin/../lib/gcc/arm-none-eabi/14.2.0/../../../../arm-none-eabi/lib/armv6k/fpu/libg.a(libc_a-wcsrtombs.o)
                0x0011a8bc                _wcsrtombs_r
 *fill*         0x0011a8e4        0x4 
 .text.frexp    0x0011a8e8       0x88 /opt/devkitpro/devkitARM/bin/../lib/gcc/arm-none-eabi/14.2.0/../../../../arm-none-eabi/lib/armv6k/fpu/libg.a(libm_a-s_frexp.o)
                0x0011a8e8                frexp
 .text.__locale_mb_cur_max
                0x0011a970       0x24 /opt/devkitpro/devkitARM/bin/../lib/gcc/arm-none-eabi/14.2.0/../../../../arm-none-eabi/lib/armv6k/fpu/libg.a(libc_a-locale.o)
                0x0011a970                __locale_mb_cur_max
 .text.__ssprint_r
                0x0011a994       0xa4 /opt/devkitpro/devkitARM/bin/../lib/gcc/arm-none-eabi/14.2.0/../../../../arm-none-eabi/lib/armv6k/fpu/libg.a(libc_a-ssprint_r.o)
                0x0011a994                __ssprint_r
 .text._wcsnrtombs_l
                0x0011aa38      0x160 /opt/devkitpro/devkitARM/bin/../lib/gcc/arm-none-eabi/14.2.0/../../../../arm-none-eabi/lib/armv6k/fpu/libg.a(libc_a-wcsnrtombs.o)
                0x0011aa38                _wcsnrtombs_l
 .text._wcsnrtombs_r
                0x0011ab98       0x64 /opt/devkitpro/devkitARM/bin/../lib/gcc/arm-none-eabi/14.2.0/../../../../arm-none-eabi/lib/armv6k/fpu/libg.a(libc_a-wcsnrtombs.o)
                0x0011ab98                _wcsnrtombs_r
 .text.__utf8_mbtowc
                0x0011abfc      0x324 /opt/devkitpro/devkitARM/bin/../lib/gcc/arm-none-eabi/14.2.0/../../../../arm-none-eabi/lib/armv6k/fpu/libg.a(libc_a-mbtowc_r.o)
                0x0011abfc                __utf8_mbtowc
 .text._localeconv_r
                0x0011af20       0x24 /opt/devkitpro/devkitARM/bin/../lib/gcc/arm-none-eabi/14.2.0/../../../../arm-none-eabi/lib/armv6k/fpu/libg.a(libc_a-localeconv.o)
                0x0011af20                _localeconv_r
 .text.quorem   0x0011af44      0x1b4 /opt/devkitpro/devkitARM/bin/../lib/gcc/arm-none-eabi/14.2.0/../../../../arm-none-eabi/lib/armv6k/fpu/libg.a(libc_a-dtoa.o)
 .text._dtoa_r  0x0011b0f8     0x1370 /opt/devkitpro/devkitARM/bin/../lib/gcc/arm-none-eabi/14.2.0/../../../../arm-none-eabi/lib/armv6k/fpu/libg.a(libc_a-dtoa.o)
                0x0011b0f8                _dtoa_r
 .text._wcrtomb_r
                0x0011c468       0xa0 /opt/devkitpro/devkitARM/bin/../lib/gcc/arm-none-eabi/14.2.0/../../../../arm-none-eabi/lib/armv6k/fpu/libg.a(libc_a-wcrtomb.o)
                0x0011c468                _wcrtomb_r
 .text.__ssputs_r
                0x0011c508      0x128 /opt/devkitpro/devkitARM/bin/../lib/gcc/arm-none-eabi/14.2.0/../../../../arm-none-eabi/lib/armv6k/fpu/libg.a(libc_a-ssputs_r.o)
                0x0011c508                __ssputs_r
 .text.__utf8_wctomb
                0x0011c630       0xf0 /opt/devkitpro/devkitARM/bin/../lib/gcc/arm-none-eabi/14.2.0/../../../../arm-none-eabi/lib/armv6k/fpu/libg.a(libc_a-wctomb_r.o)
                0x0011c630                __utf8_wctomb
 .text.__assert_func
                0x0011c720       0x5c /opt/devkitpro/devkitARM/bin/../lib/gcc/arm-none-eabi/14.2.0/../../../../arm-none-eabi/lib/armv6k/fpu/libg.a(libc_a-assert.o)
                0x0011c720                __assert_func
 .text._Balloc  0x0011c77c       0x88 /opt/devkitpro/devkitARM/bin/../lib/gcc/arm-none-eabi/14.2.0/../../../../arm-none-eabi/lib/armv6k/fpu/libg.a(libc_a-mprec.o)
                0x0011c77c                _Balloc
 .text._Bfree   0x0011c804       0x1c /opt/devkitpro/devkitARM/bin/../lib/gcc/arm-none-eabi/14.2.0/../../../../arm-none-eabi/lib/armv6k/fpu/libg.a(libc_a-mprec.o)
                0x0011c804                _Bfree
 .text.__multadd
                0x0011c820       0xf4 /opt/devkitpro/devkitARM/bin/../lib/gcc/arm-none-eabi/14.2.0/../../../../arm-none-eabi/lib/armv6k/fpu/libg.a(libc_a-mprec.o)
                0x0011c820                __multadd
 .text.__hi0bits
                0x0011c914       0x80 /opt/devkitpro/devkitARM/bin/../lib/gcc/arm-none-eabi/14.2.0/../../../../arm-none-eabi/lib/armv6k/fpu/libg.a(libc_a-mprec.o)
                0x0011c914                __hi0bits
 .text.__lo0bits
                0x0011c994       0xf4 /opt/devkitpro/devkitARM/bin/../lib/gcc/arm-none-eabi/14.2.0/../../../../arm-none-eabi/lib/armv6k/fpu/libg.a(libc_a-mprec.o)
                0x0011c994                __lo0bits
 .text.__i2b    0x0011ca88       0xa4 /opt/devkitpro/devkitARM/bin/../lib/gcc/arm-none-eabi/14.2.0/../../../../arm-none-eabi/lib/armv6k/fpu/libg.a(libc_a-mprec.o)
                0x0011ca88                __i2b
 .text.__multiply
                0x0011cb2c      0x208 /opt/devkitpro/devkitARM/bin/../lib/gcc/arm-none-eabi/14.2.0/../../../../arm-none-eabi/lib/armv6k/fpu/libg.a(libc_a-mprec.o)
                0x0011cb2c                __multiply
 .text.__pow5mult
                0x0011cd34      0x130 /opt/devkitpro/devkitARM/bin/../lib/gcc/arm-none-eabi/14.2.0/../../../../arm-none-eabi/lib/armv6k/fpu/libg.a(libc_a-mprec.o)
                0x0011cd34                __pow5mult
 .text.__lshift
                0x0011ce64      0x138 /opt/devkitpro/devkitARM/bin/../lib/gcc/arm-none-eabi/14.2.0/../../../../arm-none-eabi/lib/armv6k/fpu/libg.a(libc_a-mprec.o)
                0x0011ce64                __lshift
 .text.__mcmp   0x0011cf9c       0x58 /opt/devkitpro/devkitARM/bin/../lib/gcc/arm-none-eabi/14.2.0/../../../../arm-none-eabi/lib/armv6k/fpu/libg.a(libc_a-mprec.o)
                0x0011cf9c                __mcmp
 .text.__mdiff  0x0011cff4      0x1f0 /opt/devkitpro/devkitARM/bin/../lib/gcc/arm-none-eabi/14.2.0/../../../../arm-none-eabi/lib/armv6k/fpu/libg.a(libc_a-mprec.o)
                0x0011cff4                __mdiff
 .text.__d2b    0x0011d1e4      0x120 /opt/devkitpro/devkitARM/bin/../lib/gcc/arm-none-eabi/14.2.0/../../../../arm-none-eabi/lib/armv6k/fpu/libg.a(libc_a-mprec.o)
                0x0011d1e4                __d2b
 .text.fiprintf
                0x0011d304       0x3c /opt/devkitpro/devkitARM/bin/../lib/gcc/arm-none-eabi/14.2.0/../../../../arm-none-eabi/lib/armv6k/fpu/libg.a(libc_a-fiprintf.o)
                0x0011d304                fiprintf
 .text.abort    0x0011d340       0x14 /opt/devkitpro/devkitARM/bin/../lib/gcc/arm-none-eabi/14.2.0/../../../../arm-none-eabi/lib/armv6k/fpu/libg.a(libc_a-abort.o)
                0x0011d340                abort
 .text._raise_r
                0x0011d354       0x90 /opt/devkitpro/devkitARM/bin/../lib/gcc/arm-none-eabi/14.2.0/../../../../arm-none-eabi/lib/armv6k/fpu/libg.a(libc_a-signal.o)
                0x0011d354                _raise_r
 .text.raise    0x0011d3e4       0x18 /opt/devkitpro/devkitARM/bin/../lib/gcc/arm-none-eabi/14.2.0/../../../../arm-none-eabi/lib/armv6k/fpu/libg.a(libc_a-signal.o)
                0x0011d3e4                raise
 .text.get_arg  0x0011d3fc      0x5e4 /opt/devkitpro/devkitARM/bin/../lib/gcc/arm-none-eabi/14.2.0/../../../../arm-none-eabi/lib/armv6k/fpu/libg.a(libc_a-vfiprintf.o)
 .text._vfiprintf_r
                0x0011d9e0     0x2264 /opt/devkitpro/devkitARM/bin/../lib/gcc/arm-none-eabi/14.2.0/../../../../arm-none-eabi/lib/armv6k/fpu/libg.a(libc_a-vfiprintf.o)
                0x0011d9e0                _vfiprintf_r
 .text.__sbprintf
                0x0011fc44       0xb8 /opt/devkitpro/devkitARM/bin/../lib/gcc/arm-none-eabi/14.2.0/../../../../arm-none-eabi/lib/armv6k/fpu/libg.a(libc_a-vfiprintf.o)
 .text.__sprint_r
                0x0011fcfc       0x30 /opt/devkitpro/devkitARM/bin/../lib/gcc/arm-none-eabi/14.2.0/../../../../arm-none-eabi/lib/armv6k/fpu/libg.a(libc_a-sprint_r.o)
                0x0011fcfc                __sprint_r
 .text._exit    0x0011fd2c       0x20 /opt/devkitpro/devkitARM/bin/../lib/gcc/arm-none-eabi/14.2.0/../../../../arm-none-eabi/lib/armv6k/fpu/libsysbase.a(libsysbase_libsysbase_a-_exit.o)
                0x0011fd2c                _exit
 .text.chdir    0x0011fd4c      0x13c /opt/devkitpro/devkitARM/bin/../lib/gcc/arm-none-eabi/14.2.0/../../../../arm-none-eabi/lib/armv6k/fpu/libsysbase.a(libsysbase_libsysbase_a-chdir.o)
                0x0011fd4c                chdir
 .text._concatenate_path
                0x0011fe88      0x1cc /opt/devkitpro/devkitARM/bin/../lib/gcc/arm-none-eabi/14.2.0/../../../../arm-none-eabi/lib/armv6k/fpu/libsysbase.a(libsysbase_libsysbase_a-concatenate.o)
                0x0011fe88                _concatenate_path
 .text.__dirnext
                0x00120054       0x68 /opt/devkitpro/devkitARM/bin/../lib/gcc/arm-none-eabi/14.2.0/../../../../arm-none-eabi/lib/armv6k/fpu/libsysbase.a(libsysbase_libsysbase_a-dirent.o)
 .text.opendir  0x001200bc       0xf4 /opt/devkitpro/devkitARM/bin/../lib/gcc/arm-none-eabi/14.2.0/../../../../arm-none-eabi/lib/armv6k/fpu/libsysbase.a(libsysbase_libsysbase_a-dirent.o)
                0x001200bc                opendir
 .text.closedir
                0x001201b0       0x90 /opt/devkitpro/devkitARM/bin/../lib/gcc/arm-none-eabi/14.2.0/../../../../arm-none-eabi/lib/armv6k/fpu/libsysbase.a(libsysbase_libsysbase_a-dirent.o)
                0x001201b0                closedir
 .text.readdir_r
                0x00120240       0xec /opt/devkitpro/devkitARM/bin/../lib/gcc/arm-none-eabi/14.2.0/../../../../arm-none-eabi/lib/armv6k/fpu/libsysbase.a(libsysbase_libsysbase_a-dirent.o)
                0x00120240                readdir_r
 .text.readdir  0x0012032c       0x40 /opt/devkitpro/devkitARM/bin/../lib/gcc/arm-none-eabi/14.2.0/../../../../arm-none-eabi/lib/armv6k/fpu/libsysbase.a(libsysbase_libsysbase_a-dirent.o)
                0x0012032c                readdir
 .text._fstat_r
                0x0012036c       0x88 /opt/devkitpro/devkitARM/bin/../lib/gcc/arm-none-eabi/14.2.0/../../../../arm-none-eabi/lib/armv6k/fpu/libsysbase.a(libsysbase_libsysbase_a-fstat.o)
                0x0012036c                _fstat_r
 .text._getpid_r
                0x001203f4       0x14 /opt/devkitpro/devkitARM/bin/../lib/gcc/arm-none-eabi/14.2.0/../../../../arm-none-eabi/lib/armv6k/fpu/libsysbase.a(libsysbase_libsysbase_a-getpid.o)
                0x001203f4                _getpid_r
 .text.__getreent
                0x00120408       0x2c /opt/devkitpro/devkitARM/bin/../lib/gcc/arm-none-eabi/14.2.0/../../../../arm-none-eabi/lib/armv6k/fpu/libsysbase.a(libsysbase_libsysbase_a-getreent.o)
                0x00120408                __getreent
 .text._gettimeofday_r
                0x00120434       0x30 /opt/devkitpro/devkitARM/bin/../lib/gcc/arm-none-eabi/14.2.0/../../../../arm-none-eabi/lib/armv6k/fpu/libsysbase.a(libsysbase_libsysbase_a-gettod.o)
                0x00120434                _gettimeofday_r
 .text.__release_handle
                0x00120464       0x8c /opt/devkitpro/devkitARM/bin/../lib/gcc/arm-none-eabi/14.2.0/../../../../arm-none-eabi/lib/armv6k/fpu/libsysbase.a(libsysbase_libsysbase_a-handle_manager.o)
                0x00120464                __release_handle
 .text.__alloc_handle
                0x001204f0       0xb0 /opt/devkitpro/devkitARM/bin/../lib/gcc/arm-none-eabi/14.2.0/../../../../arm-none-eabi/lib/armv6k/fpu/libsysbase.a(libsysbase_libsysbase_a-handle_manager.o)
                0x001204f0                __alloc_handle
 .text.__get_handle
                0x001205a0       0x3c /opt/devkitpro/devkitARM/bin/../lib/gcc/arm-none-eabi/14.2.0/../../../../arm-none-eabi/lib/armv6k/fpu/libsysbase.a(libsysbase_libsysbase_a-handle_manager.o)
                0x001205a0                __get_handle
 .text._close_r
                0x001205dc       0xf4 /opt/devkitpro/devkitARM/bin/../lib/gcc/arm-none-eabi/14.2.0/../../../../arm-none-eabi/lib/armv6k/fpu/libsysbase.a(libsysbase_libsysbase_a-handle_manager.o)
                0x001205dc                _close_r
 .text.null_write
                0x001206d0        0x8 /opt/devkitpro/devkitARM/bin/../lib/gcc/arm-none-eabi/14.2.0/../../../../arm-none-eabi/lib/armv6k/fpu/libsysbase.a(libsysbase_libsysbase_a-iosupport.o)
 .text.setDefaultDevice
                0x001206d8       0x18 /opt/devkitpro/devkitARM/bin/../lib/gcc/arm-none-eabi/14.2.0/../../../../arm-none-eabi/lib/armv6k/fpu/libsysbase.a(libsysbase_libsysbase_a-iosupport.o)
                0x001206d8                setDefaultDevice
 .text.FindDevice
                0x001206f0       0xc8 /opt/devkitpro/devkitARM/bin/../lib/gcc/arm-none-eabi/14.2.0/../../../../arm-none-eabi/lib/armv6k/fpu/libsysbase.a(libsysbase_libsysbase_a-iosupport.o)
                0x001206f0                FindDevice
 .text.RemoveDevice
                0x001207b8       0x28 /opt/devkitpro/devkitARM/bin/../lib/gcc/arm-none-eabi/14.2.0/../../../../arm-none-eabi/lib/armv6k/fpu/libsysbase.a(libsysbase_libsysbase_a-iosupport.o)
                0x001207b8                RemoveDevice
 .text.AddDevice
                0x001207e0       0x98 /opt/devkitpro/devkitARM/bin/../lib/gcc/arm-none-eabi/14.2.0/../../../../arm-none-eabi/lib/armv6k/fpu/libsysbase.a(libsysbase_libsysbase_a-iosupport.o)
                0x001207e0                AddDevice
 .text.GetDeviceOpTab
                0x00120878       0x20 /opt/devkitpro/devkitARM/bin/../lib/gcc/arm-none-eabi/14.2.0/../../../../arm-none-eabi/lib/armv6k/fpu/libsysbase.a(libsysbase_libsysbase_a-iosupport.o)
                0x00120878                GetDeviceOpTab
 .text._isatty_r
                0x00120898        0x8 /opt/devkitpro/devkitARM/bin/../lib/gcc/arm-none-eabi/14.2.0/../../../../arm-none-eabi/lib/armv6k/fpu/libsysbase.a(libsysbase_libsysbase_a-isatty.o)
                0x00120898                _isatty_r
 .text._kill_r  0x001208a0       0x14 /opt/devkitpro/devkitARM/bin/../lib/gcc/arm-none-eabi/14.2.0/../../../../arm-none-eabi/lib/armv6k/fpu/libsysbase.a(libsysbase_libsysbase_a-kill.o)
                0x001208a0                _kill_r
 .text._lseek_r
                0x001208b4       0x8c /opt/devkitpro/devkitARM/bin/../lib/gcc/arm-none-eabi/14.2.0/../../../../arm-none-eabi/lib/armv6k/fpu/libsysbase.a(libsysbase_libsysbase_a-lseek.o)
                0x001208b4                _lseek_r
 .text.mkdir    0x00120940       0x60 /opt/devkitpro/devkitARM/bin/../lib/gcc/arm-none-eabi/14.2.0/../../../../arm-none-eabi/lib/armv6k/fpu/libsysbase.a(libsysbase_libsysbase_a-mkdir.o)
                0x00120940                mkdir
 .text._open_r  0x001209a0       0xbc /opt/devkitpro/devkitARM/bin/../lib/gcc/arm-none-eabi/14.2.0/../../../../arm-none-eabi/lib/armv6k/fpu/libsysbase.a(libsysbase_libsysbase_a-open.o)
                0x001209a0                _open_r
 .text._read_r  0x00120a5c       0x88 /opt/devkitpro/devkitARM/bin/../lib/gcc/arm-none-eabi/14.2.0/../../../../arm-none-eabi/lib/armv6k/fpu/libsysbase.a(libsysbase_libsysbase_a-read.o)
                0x00120a5c                _read_r
 .text._sbrk_r  0x00120ae4       0x78 /opt/devkitpro/devkitARM/bin/../lib/gcc/arm-none-eabi/14.2.0/../../../../arm-none-eabi/lib/armv6k/fpu/libsysbase.a(libsysbase_libsysbase_a-sbrk.o)
                0x00120ae4                _sbrk_r
 .text.__libc_lock_acquire
                0x00120b5c       0x1c /opt/devkitpro/devkitARM/bin/../lib/gcc/arm-none-eabi/14.2.0/../../../../arm-none-eabi/lib/armv6k/fpu/libsysbase.a(libsysbase_libsysbase_a-syscall_support.o)
                0x00120b5c                __libc_lock_acquire
 .text.__libc_lock_release
                0x00120b78       0x1c /opt/devkitpro/devkitARM/bin/../lib/gcc/arm-none-eabi/14.2.0/../../../../arm-none-eabi/lib/armv6k/fpu/libsysbase.a(libsysbase_libsysbase_a-syscall_support.o)
                0x00120b78                __libc_lock_release
 .text.__libc_lock_acquire_recursive
                0x00120b94       0x1c /opt/devkitpro/devkitARM/bin/../lib/gcc/arm-none-eabi/14.2.0/../../../../arm-none-eabi/lib/armv6k/fpu/libsysbase.a(libsysbase_libsysbase_a-syscall_support.o)
                0x00120b94                __libc_lock_acquire_recursive
 .text.__libc_lock_release_recursive
                0x00120bb0       0x1c /opt/devkitpro/devkitARM/bin/../lib/gcc/arm-none-eabi/14.2.0/../../../../arm-none-eabi/lib/armv6k/fpu/libsysbase.a(libsysbase_libsysbase_a-syscall_support.o)
                0x00120bb0                __libc_lock_release_recursive
 .text._write_r
                0x00120bcc       0x88 /opt/devkitpro/devkitARM/bin/../lib/gcc/arm-none-eabi/14.2.0/../../../../arm-none-eabi/lib/armv6k/fpu/libsysbase.a(libsysbase_libsysbase_a-write.o)
                0x00120bcc                _write_r
 .text.strrchr  0x00120c54       0x48 /opt/devkitpro/devkitARM/bin/../lib/gcc/arm-none-eabi/14.2.0/../../../../arm-none-eabi/lib/armv6k/fpu/libg.a(libc_a-strrchr.o)
                0x00120c54                strrchr
 *(.glue_7)
 .glue_7        0x00120c9c        0x0 linker stubs
 *(.glue_7t)
 .glue_7t       0x00120c9c        0x0 linker stubs
 *(.stub)
 *(.gnu.warning)
 *(.gnu.linkonce.t*)
                0x00120c9c                        . = ALIGN (0x4)
 *(.fini)
 .fini          0x00120c9c        0xc /opt/devkitpro/devkitARM/bin/../lib/gcc/arm-none-eabi/14.2.0/armv6k/fpu/crti.o
                0x00120c9c                _fini
 .fini          0x00120ca8        0xc /opt/devkitpro/devkitARM/bin/../lib/gcc/arm-none-eabi/14.2.0/armv6k/fpu/crtn.o